ARM Linker, 5.03 [Build 76] [MDK-ARM Standard]

==============================================================================

Section Cross References

    startup_stm32f10x_hd.o(STACK) refers (Special) to heapauxi.o(.text) for __use_two_region_memory
    startup_stm32f10x_hd.o(HEAP) refers (Special) to heapauxi.o(.text) for __use_two_region_memory
    startup_stm32f10x_hd.o(RESET) refers (Special) to heapauxi.o(.text) for __use_two_region_memory
    startup_stm32f10x_hd.o(RESET) refers to startup_stm32f10x_hd.o(STACK) for __initial_sp
    startup_stm32f10x_hd.o(RESET) refers to startup_stm32f10x_hd.o(.text) for Reset_Handler
    startup_stm32f10x_hd.o(RESET) refers to stm32f10x_it.o(.text) for NMI_Handler
    startup_stm32f10x_hd.o(RESET) refers to hal_motor.o(.text) for TIM4_IRQHandler
    startup_stm32f10x_hd.o(.text) refers (Special) to heapauxi.o(.text) for __use_two_region_memory
    startup_stm32f10x_hd.o(.text) refers to system_stm32f10x.o(.text) for SystemInit
    startup_stm32f10x_hd.o(.text) refers to __main.o(!!!main) for __main
    startup_stm32f10x_hd.o(.text) refers to startup_stm32f10x_hd.o(HEAP) for Heap_Mem
    startup_stm32f10x_hd.o(.text) refers to startup_stm32f10x_hd.o(STACK) for Stack_Mem
    stm32f10x_gpio.o(.text) refers to stm32f10x_rcc.o(.text) for RCC_APB2PeriphResetCmd
    stm32f10x_rcc.o(.text) refers to stm32f10x_rcc.o(.data) for APBAHBPrescTable
    stm32f10x_usart.o(.text) refers to stm32f10x_rcc.o(.text) for RCC_APB2PeriphResetCmd
    stm32f10x_tim.o(.text) refers to stm32f10x_rcc.o(.text) for RCC_APB2PeriphResetCmd
    main.o(.text) refers to rt_memclr.o(.text) for __aeabi_memclr
    main.o(.text) refers to protocol.o(.text) for exchangeBytes
    main.o(.text) refers to rt_memcpy_v6.o(.text) for __aeabi_memcpy
    main.o(.text) refers to hal_temp_hum.o(.text) for DHT11_Read_Data
    main.o(.text) refers to system_stm32f10x.o(.text) for SystemInit
    main.o(.text) refers to hal_uart.o(.text) for UART_Configuration
    main.o(.text) refers to delay.o(.text) for delay_init
    main.o(.text) refers to hal_key.o(.text) for KEY_GPIO_Init
    main.o(.text) refers to hal_motor.o(.text) for Motor_Init
    main.o(.text) refers to hal_rgb_led.o(.text) for RGB_LED_Init
    main.o(.text) refers to hal_infrared.o(.text) for IR_Init
    main.o(.text) refers to main.o(.data) for SN
    main.o(.text) refers to main.o(.bss) for uart_buf
    stm32f10x_it.o(.text) refers to stm32f10x_usart.o(.text) for USART_GetITStatus
    stm32f10x_it.o(.text) refers to stm32f10x_tim.o(.text) for TIM_GetITStatus
    stm32f10x_it.o(.text) refers to hal_key.o(.text) for Get_Key
    stm32f10x_it.o(.text) refers to stm32f10x_gpio.o(.text) for GPIO_ReadInputDataBit
    stm32f10x_it.o(.text) refers to stm32f10x_exti.o(.text) for EXTI_ClearITPendingBit
    stm32f10x_it.o(.text) refers to main.o(.data) for get_one_package
    stm32f10x_it.o(.text) refers to main.o(.bss) for uart_buf
    stm32f10x_it.o(.text) refers to stm32f10x_it.o(.data) for Key_State
    stm32f10x_it.o(.text) refers to hal_key.o(.data) for Key_Return
    system_stm32f10x.o(.text) refers to system_stm32f10x.o(.data) for SystemCoreClock
    hal_key.o(.text) refers to stm32f10x_rcc.o(.text) for RCC_APB2PeriphClockCmd
    hal_key.o(.text) refers to stm32f10x_gpio.o(.text) for GPIO_Init
    hal_key.o(.text) refers to stm32f10x_tim.o(.text) for TIM_TimeBaseInit
    hal_key.o(.text) refers to misc.o(.text) for NVIC_Init
    hal_key.o(.text) refers to protocol.o(.text) for CheckSum
    hal_key.o(.text) refers to hal_rgb_led.o(.text) for LED_RGB_Control
    hal_key.o(.text) refers to delay.o(.text) for delay_ms
    hal_key.o(.text) refers to hal_key.o(.data) for Key_Return
    hal_key.o(.text) refers to main.o(.bss) for m_pro_commonCmd
    hal_key.o(.text) refers to main.o(.data) for SN
    hal_motor.o(.text) refers to stm32f10x_tim.o(.text) for TIM_TimeBaseInit
    hal_motor.o(.text) refers to stm32f10x_rcc.o(.text) for RCC_APB1PeriphClockCmd
    hal_motor.o(.text) refers to sa_gpio.o(.text) for SA_GPIO_Init
    hal_rgb_led.o(.text) refers to stm32f10x_gpio.o(.text) for GPIO_ResetBits
    hal_rgb_led.o(.text) refers to stm32f10x_rcc.o(.text) for RCC_APB2PeriphClockCmd
    hal_uart.o(.text) refers (Special) to use_no_semi_2.o(.text) for __use_no_semihosting
    hal_uart.o(.text) refers to stm32f10x_rcc.o(.text) for RCC_APB2PeriphClockCmd
    hal_uart.o(.text) refers to stm32f10x_gpio.o(.text) for GPIO_Init
    hal_uart.o(.text) refers to misc.o(.text) for NVIC_SetVectorTable
    hal_uart.o(.text) refers to stm32f10x_usart.o(.text) for USART_Init
    hal_uart.o(.data) refers (Special) to use_no_semi_2.o(.text) for __use_no_semihosting
    delay.o(.text) refers to misc.o(.text) for SysTick_CLKSourceConfig
    delay.o(.text) refers to system_stm32f10x.o(.data) for SystemCoreClock
    delay.o(.text) refers to delay.o(.data) for fac_us
    hal_temp_hum.o(.text) refers to stm32f10x_gpio.o(.text) for GPIO_Init
    hal_temp_hum.o(.text) refers to delay.o(.text) for delay_ms
    hal_temp_hum.o(.text) refers to stm32f10x_rcc.o(.text) for RCC_APB2PeriphClockCmd
    hal_infrared.o(.text) refers to stm32f10x_rcc.o(.text) for RCC_APB2PeriphClockCmd
    hal_infrared.o(.text) refers to stm32f10x_gpio.o(.text) for GPIO_Init
    hal_infrared.o(.text) refers to stm32f10x_exti.o(.text) for EXTI_ClearITPendingBit
    hal_infrared.o(.text) refers to misc.o(.text) for NVIC_Init
    sa_gpio.o(.text) refers to stm32f10x_rcc.o(.text) for RCC_APB2PeriphClockCmd
    sa_gpio.o(.text) refers to stm32f10x_gpio.o(.text) for GPIO_Init
    protocol.o(.text) refers to hal_uart.o(.text) for UART1_Send_DATA
    protocol.o(.text) refers to rt_memcpy_v6.o(.text) for __aeabi_memcpy
    protocol.o(.text) refers to hal_rgb_led.o(.text) for LED_RGB_Control
    protocol.o(.text) refers to hal_motor.o(.text) for Motor_status
    protocol.o(.text) refers to main.o(.data) for wait_ack_time
    protocol.o(.text) refers to main.o(.bss) for uart_buf
    protocol.o(.text) refers to delay.o(.text) for delay_ms
    protocol.o(.text) refers to hal_temp_hum.o(.text) for DHT11_Read_Data
    use_no_semi_2.o(.text) refers (Special) to use_no_semi.o(.text) for __use_no_semihosting_swi
    rt_memcpy_v6.o(.text) refers to rt_memcpy_w.o(.text) for __aeabi_memcpy4
    rt_memclr.o(.text) refers to rt_memclr_w.o(.text) for _memset_w
    __main.o(!!!main) refers to rtentry.o(.ARM.Collect$$rtentry$$00000000) for __rt_entry
    rtentry.o(.ARM.Collect$$rtentry$$00000000) refers (Special) to rtentry2.o(.ARM.Collect$$rtentry$$0000000A) for __rt_entry_li
    rtentry.o(.ARM.Collect$$rtentry$$00000000) refers (Special) to rtentry2.o(.ARM.Collect$$rtentry$$0000000D) for __rt_entry_main
    rtentry.o(.ARM.Collect$$rtentry$$00000000) refers (Special) to rtentry2.o(.ARM.Collect$$rtentry$$0000000C) for __rt_entry_postli_1
    rtentry.o(.ARM.Collect$$rtentry$$00000000) refers (Special) to rtentry2.o(.ARM.Collect$$rtentry$$00000009) for __rt_entry_postsh_1
    rtentry.o(.ARM.Collect$$rtentry$$00000000) refers (Special) to rtentry2.o(.ARM.Collect$$rtentry$$00000002) for __rt_entry_presh_1
    rtentry.o(.ARM.Collect$$rtentry$$00000000) refers (Special) to rtentry4.o(.ARM.Collect$$rtentry$$00000004) for __rt_entry_sh
    rtentry2.o(.ARM.Collect$$rtentry$$00000008) refers to boardinit2.o(.text) for _platform_post_stackheap_init
    rtentry2.o(.ARM.Collect$$rtentry$$0000000A) refers to libinit.o(.ARM.Collect$$libinit$$00000000) for __rt_lib_init
    rtentry2.o(.ARM.Collect$$rtentry$$0000000B) refers to boardinit3.o(.text) for _platform_post_lib_init
    rtentry2.o(.ARM.Collect$$rtentry$$0000000D) refers to main.o(.text) for main
    rtentry2.o(.ARM.Collect$$rtentry$$0000000D) refers to exit.o(.text) for exit
    rtentry2.o(.ARM.exidx) refers to rtentry2.o(.ARM.Collect$$rtentry$$00000001) for .ARM.Collect$$rtentry$$00000001
    rtentry2.o(.ARM.exidx) refers to rtentry2.o(.ARM.Collect$$rtentry$$00000008) for .ARM.Collect$$rtentry$$00000008
    rtentry2.o(.ARM.exidx) refers to rtentry2.o(.ARM.Collect$$rtentry$$0000000A) for .ARM.Collect$$rtentry$$0000000A
    rtentry2.o(.ARM.exidx) refers to rtentry2.o(.ARM.Collect$$rtentry$$0000000B) for .ARM.Collect$$rtentry$$0000000B
    rtentry2.o(.ARM.exidx) refers to rtentry2.o(.ARM.Collect$$rtentry$$0000000D) for .ARM.Collect$$rtentry$$0000000D
    rtentry4.o(.ARM.Collect$$rtentry$$00000004) refers to sys_stackheap_outer.o(.text) for __user_setup_stackheap
    rtentry4.o(.ARM.exidx) refers to rtentry4.o(.ARM.Collect$$rtentry$$00000004) for .ARM.Collect$$rtentry$$00000004
    sys_stackheap_outer.o(.text) refers to libspace.o(.text) for __user_perproc_libspace
    sys_stackheap_outer.o(.text) refers to startup_stm32f10x_hd.o(.text) for __user_initial_stackheap
    exit.o(.text) refers to rtexit.o(.ARM.Collect$$rtexit$$00000000) for __rt_exit
    libinit.o(.ARM.Collect$$libinit$$00000000) refers (Special) to libinit2.o(.ARM.Collect$$libinit$$0000002C) for __rt_lib_init_alloca_1
    libinit.o(.ARM.Collect$$libinit$$00000000) refers (Special) to libinit2.o(.ARM.Collect$$libinit$$0000002A) for __rt_lib_init_argv_1
    libinit.o(.ARM.Collect$$libinit$$00000000) refers (Special) to libinit2.o(.ARM.Collect$$libinit$$00000019) for __rt_lib_init_atexit_1
    libinit.o(.ARM.Collect$$libinit$$00000000) refers (Special) to libinit2.o(.ARM.Collect$$libinit$$0000001F) for __rt_lib_init_clock_1
    libinit.o(.ARM.Collect$$libinit$$00000000) refers (Special) to libinit2.o(.ARM.Collect$$libinit$$00000030) for __rt_lib_init_cpp_1
    libinit.o(.ARM.Collect$$libinit$$00000000) refers (Special) to libinit2.o(.ARM.Collect$$libinit$$0000002E) for __rt_lib_init_exceptions_1
    libinit.o(.ARM.Collect$$libinit$$00000000) refers (Special) to libinit2.o(.ARM.Collect$$libinit$$00000002) for __rt_lib_init_fp_1
    libinit.o(.ARM.Collect$$libinit$$00000000) refers (Special) to libinit2.o(.ARM.Collect$$libinit$$0000001D) for __rt_lib_init_fp_trap_1
    libinit.o(.ARM.Collect$$libinit$$00000000) refers (Special) to libinit2.o(.ARM.Collect$$libinit$$00000021) for __rt_lib_init_getenv_1
    libinit.o(.ARM.Collect$$libinit$$00000000) refers (Special) to libinit2.o(.ARM.Collect$$libinit$$00000008) for __rt_lib_init_heap_1
    libinit.o(.ARM.Collect$$libinit$$00000000) refers (Special) to libinit2.o(.ARM.Collect$$libinit$$0000000F) for __rt_lib_init_lc_collate_1
    libinit.o(.ARM.Collect$$libinit$$00000000) refers (Special) to libinit2.o(.ARM.Collect$$libinit$$00000011) for __rt_lib_init_lc_ctype_1
    libinit.o(.ARM.Collect$$libinit$$00000000) refers (Special) to libinit2.o(.ARM.Collect$$libinit$$00000013) for __rt_lib_init_lc_monetary_1
    libinit.o(.ARM.Collect$$libinit$$00000000) refers (Special) to libinit2.o(.ARM.Collect$$libinit$$00000015) for __rt_lib_init_lc_numeric_1
    libinit.o(.ARM.Collect$$libinit$$00000000) refers (Special) to libinit2.o(.ARM.Collect$$libinit$$00000017) for __rt_lib_init_lc_time_1
    libinit.o(.ARM.Collect$$libinit$$00000000) refers (Special) to libinit2.o(.ARM.Collect$$libinit$$0000000C) for __rt_lib_init_rand_1
    libinit.o(.ARM.Collect$$libinit$$00000000) refers (Special) to libinit2.o(.ARM.Collect$$libinit$$00000031) for __rt_lib_init_return
    libinit.o(.ARM.Collect$$libinit$$00000000) refers (Special) to libinit2.o(.ARM.Collect$$libinit$$0000001B) for __rt_lib_init_signal_1
    libinit.o(.ARM.Collect$$libinit$$00000000) refers (Special) to libinit2.o(.ARM.Collect$$libinit$$00000023) for __rt_lib_init_stdio_1
    libinit.o(.ARM.Collect$$libinit$$00000000) refers (Special) to libinit2.o(.ARM.Collect$$libinit$$0000000A) for __rt_lib_init_user_alloc_1
    libspace.o(.text) refers to libspace.o(.bss) for __libspace_start
    rtexit.o(.ARM.Collect$$rtexit$$00000000) refers (Special) to rtexit2.o(.ARM.Collect$$rtexit$$00000004) for __rt_exit_exit
    rtexit.o(.ARM.Collect$$rtexit$$00000000) refers (Special) to rtexit2.o(.ARM.Collect$$rtexit$$00000003) for __rt_exit_ls
    rtexit.o(.ARM.Collect$$rtexit$$00000000) refers (Special) to rtexit2.o(.ARM.Collect$$rtexit$$00000002) for __rt_exit_prels_1
    rtexit.o(.ARM.exidx) refers (Special) to rtexit2.o(.ARM.Collect$$rtexit$$00000004) for __rt_exit_exit
    rtexit.o(.ARM.exidx) refers (Special) to rtexit2.o(.ARM.Collect$$rtexit$$00000003) for __rt_exit_ls
    rtexit.o(.ARM.exidx) refers (Special) to rtexit2.o(.ARM.Collect$$rtexit$$00000002) for __rt_exit_prels_1
    rtexit.o(.ARM.exidx) refers to rtexit.o(.ARM.Collect$$rtexit$$00000000) for .ARM.Collect$$rtexit$$00000000
    libinit2.o(.ARM.Collect$$libinit$$0000000E) refers to libinit2.o(.ARM.Collect$$libinit$$0000000D) for .ARM.Collect$$libinit$$0000000D
    libinit2.o(.ARM.Collect$$libinit$$00000010) refers to libinit2.o(.ARM.Collect$$libinit$$0000000D) for .ARM.Collect$$libinit$$0000000D
    libinit2.o(.ARM.Collect$$libinit$$00000012) refers to libinit2.o(.ARM.Collect$$libinit$$0000000D) for .ARM.Collect$$libinit$$0000000D
    libinit2.o(.ARM.Collect$$libinit$$00000014) refers to libinit2.o(.ARM.Collect$$libinit$$0000000D) for .ARM.Collect$$libinit$$0000000D
    libinit2.o(.ARM.Collect$$libinit$$00000016) refers to libinit2.o(.ARM.Collect$$libinit$$0000000D) for .ARM.Collect$$libinit$$0000000D
    libinit2.o(.ARM.Collect$$libinit$$00000024) refers to argv_veneer.o(.emb_text) for __ARM_argv_veneer
    libinit2.o(.ARM.Collect$$libinit$$00000025) refers to argv_veneer.o(.emb_text) for __ARM_argv_veneer
    rtexit2.o(.ARM.Collect$$rtexit$$00000003) refers to libshutdown.o(.ARM.Collect$$libshutdown$$00000000) for __rt_lib_shutdown
    rtexit2.o(.ARM.Collect$$rtexit$$00000004) refers to hal_uart.o(.text) for _sys_exit
    rtexit2.o(.ARM.exidx) refers to rtexit2.o(.ARM.Collect$$rtexit$$00000001) for .ARM.Collect$$rtexit$$00000001
    rtexit2.o(.ARM.exidx) refers to rtexit2.o(.ARM.Collect$$rtexit$$00000003) for .ARM.Collect$$rtexit$$00000003
    rtexit2.o(.ARM.exidx) refers to rtexit2.o(.ARM.Collect$$rtexit$$00000004) for .ARM.Collect$$rtexit$$00000004
    argv_veneer.o(.emb_text) refers to no_argv.o(.text) for __ARM_get_argv
    _get_argv_nomalloc.o(.text) refers (Special) to hrguard.o(.text) for __heap_region$guard
    _get_argv_nomalloc.o(.text) refers to defsig_rtmem_outer.o(.text) for __rt_SIGRTMEM
    _get_argv_nomalloc.o(.text) refers to sys_command.o(.text) for _sys_command_string
    libshutdown.o(.ARM.Collect$$libshutdown$$00000000) refers (Special) to libshutdown2.o(.ARM.Collect$$libshutdown$$00000006) for __rt_lib_shutdown_fp_trap_1
    libshutdown.o(.ARM.Collect$$libshutdown$$00000000) refers (Special) to libshutdown2.o(.ARM.Collect$$libshutdown$$0000000E) for __rt_lib_shutdown_heap_1
    libshutdown.o(.ARM.Collect$$libshutdown$$00000000) refers (Special) to libshutdown2.o(.ARM.Collect$$libshutdown$$0000000F) for __rt_lib_shutdown_return
    libshutdown.o(.ARM.Collect$$libshutdown$$00000000) refers (Special) to libshutdown2.o(.ARM.Collect$$libshutdown$$00000009) for __rt_lib_shutdown_signal_1
    libshutdown.o(.ARM.Collect$$libshutdown$$00000000) refers (Special) to libshutdown2.o(.ARM.Collect$$libshutdown$$00000003) for __rt_lib_shutdown_stdio_1
    libshutdown.o(.ARM.Collect$$libshutdown$$00000000) refers (Special) to libshutdown2.o(.ARM.Collect$$libshutdown$$0000000B) for __rt_lib_shutdown_user_alloc_1
    sys_command.o(.text) refers (Special) to use_no_semi.o(.text) for __I$use$semihosting
    sys_command.o(.text) refers (Special) to indicate_semi.o(.text) for __semihosting_library_function
    defsig_rtmem_outer.o(.text) refers to defsig_rtmem_inner.o(.text) for __rt_SIGRTMEM_inner
    defsig_rtmem_outer.o(.text) refers to defsig_exit.o(.text) for __sig_exit
    defsig_rtmem_formal.o(.text) refers to rt_raise.o(.text) for __rt_raise
    rt_raise.o(.text) refers to __raise.o(.text) for __raise
    rt_raise.o(.text) refers to hal_uart.o(.text) for _sys_exit
    defsig_exit.o(.text) refers to hal_uart.o(.text) for _sys_exit
    defsig_rtmem_inner.o(.text) refers to defsig_general.o(.text) for __default_signal_display
    __raise.o(.text) refers to defsig.o(CL$$defsig) for __default_signal_handler
    defsig_general.o(.text) refers to sys_wrch.o(.text) for _ttywrch
    sys_wrch.o(.text) refers (Special) to use_no_semi.o(.text) for __I$use$semihosting
    sys_wrch.o(.text) refers (Special) to indicate_semi.o(.text) for __semihosting_library_function
    defsig.o(CL$$defsig) refers to defsig_rtmem_inner.o(.text) for __rt_SIGRTMEM_inner
    defsig_abrt_inner.o(.text) refers to defsig_general.o(.text) for __default_signal_display
    defsig_fpe_inner.o(.text) refers to defsig_general.o(.text) for __default_signal_display
    defsig_rtred_inner.o(.text) refers to defsig_general.o(.text) for __default_signal_display
    defsig_stak_inner.o(.text) refers to defsig_general.o(.text) for __default_signal_display
    defsig_pvfn_inner.o(.text) refers to defsig_general.o(.text) for __default_signal_display
    defsig_cppl_inner.o(.text) refers to defsig_general.o(.text) for __default_signal_display
    defsig_segv_inner.o(.text) refers to defsig_general.o(.text) for __default_signal_display
    defsig_other.o(.text) refers to defsig_general.o(.text) for __default_signal_display


==============================================================================

Removing Unused input sections from the image.

    Removing core_cm3.o(.emb_text), (32 bytes).
    Removing hal_uart.o(.data), (4 bytes).

2 unused section(s) (total 36 bytes) removed from the image.

==============================================================================

Image Symbol Table

    Local Symbols

    Symbol Name                              Value     Ov Type        Size  Object(Section)

    ../clib/angel/boardlib.s                 0x00000000   Number         0  boardshut.o ABSOLUTE
    ../clib/angel/boardlib.s                 0x00000000   Number         0  boardinit1.o ABSOLUTE
    ../clib/angel/boardlib.s                 0x00000000   Number         0  boardinit2.o ABSOLUTE
    ../clib/angel/boardlib.s                 0x00000000   Number         0  boardinit3.o ABSOLUTE
    ../clib/angel/handlers.s                 0x00000000   Number         0  __scatter_zi.o ABSOLUTE
    ../clib/angel/handlers.s                 0x00000000   Number         0  __scatter_copy.o ABSOLUTE
    ../clib/angel/kernel.s                   0x00000000   Number         0  rtentry2.o ABSOLUTE
    ../clib/angel/kernel.s                   0x00000000   Number         0  rtentry.o ABSOLUTE
    ../clib/angel/kernel.s                   0x00000000   Number         0  rtexit2.o ABSOLUTE
    ../clib/angel/kernel.s                   0x00000000   Number         0  rtexit.o ABSOLUTE
    ../clib/angel/kernel.s                   0x00000000   Number         0  rtentry4.o ABSOLUTE
    ../clib/angel/rt.s                       0x00000000   Number         0  rt_raise.o ABSOLUTE
    ../clib/angel/scatter.s                  0x00000000   Number         0  __scatter.o ABSOLUTE
    ../clib/angel/startup.s                  0x00000000   Number         0  __main.o ABSOLUTE
    ../clib/angel/sys.s                      0x00000000   Number         0  use_no_semi.o ABSOLUTE
    ../clib/angel/sys.s                      0x00000000   Number         0  libspace.o ABSOLUTE
    ../clib/angel/sys.s                      0x00000000   Number         0  use_no_semi_2.o ABSOLUTE
    ../clib/angel/sys.s                      0x00000000   Number         0  sys_stackheap_outer.o ABSOLUTE
    ../clib/angel/sys.s                      0x00000000   Number         0  indicate_semi.o ABSOLUTE
    ../clib/angel/sysapp.c                   0x00000000   Number         0  sys_wrch.o ABSOLUTE
    ../clib/angel/sysapp.c                   0x00000000   Number         0  sys_command.o ABSOLUTE
    ../clib/armsys.c                         0x00000000   Number         0  argv_veneer.o ABSOLUTE
    ../clib/armsys.c                         0x00000000   Number         0  argv_veneer.o ABSOLUTE
    ../clib/armsys.c                         0x00000000   Number         0  _get_argv_nomalloc.o ABSOLUTE
    ../clib/armsys.c                         0x00000000   Number         0  no_argv.o ABSOLUTE
    ../clib/heapalloc.c                      0x00000000   Number         0  hrguard.o ABSOLUTE
    ../clib/heapaux.c                        0x00000000   Number         0  heapauxi.o ABSOLUTE
    ../clib/libinit.s                        0x00000000   Number         0  libinit.o ABSOLUTE
    ../clib/libinit.s                        0x00000000   Number         0  libinit2.o ABSOLUTE
    ../clib/libinit.s                        0x00000000   Number         0  libshutdown.o ABSOLUTE
    ../clib/libinit.s                        0x00000000   Number         0  libshutdown2.o ABSOLUTE
    ../clib/memcpset.s                       0x00000000   Number         0  rt_memcpy_w.o ABSOLUTE
    ../clib/memcpset.s                       0x00000000   Number         0  rt_memcpy_v6.o ABSOLUTE
    ../clib/memcpset.s                       0x00000000   Number         0  rt_memclr.o ABSOLUTE
    ../clib/memcpset.s                       0x00000000   Number         0  rt_memclr_w.o ABSOLUTE
    ../clib/signal.c                         0x00000000   Number         0  defsig_exit.o ABSOLUTE
    ../clib/signal.c                         0x00000000   Number         0  __raise.o ABSOLUTE
    ../clib/signal.c                         0x00000000   Number         0  defsig_rtmem_inner.o ABSOLUTE
    ../clib/signal.c                         0x00000000   Number         0  defsig_segv_inner.o ABSOLUTE
    ../clib/signal.c                         0x00000000   Number         0  defsig_rtmem_formal.o ABSOLUTE
    ../clib/signal.c                         0x00000000   Number         0  defsig_other.o ABSOLUTE
    ../clib/signal.c                         0x00000000   Number         0  defsig_rtmem_outer.o ABSOLUTE
    ../clib/signal.c                         0x00000000   Number         0  defsig_stak_inner.o ABSOLUTE
    ../clib/signal.c                         0x00000000   Number         0  defsig_pvfn_inner.o ABSOLUTE
    ../clib/signal.c                         0x00000000   Number         0  defsig_cppl_inner.o ABSOLUTE
    ../clib/signal.c                         0x00000000   Number         0  defsig_general.o ABSOLUTE
    ../clib/signal.c                         0x00000000   Number         0  defsig_abrt_inner.o ABSOLUTE
    ../clib/signal.c                         0x00000000   Number         0  defsig_fpe_inner.o ABSOLUTE
    ../clib/signal.c                         0x00000000   Number         0  defsig_rtred_inner.o ABSOLUTE
    ../clib/signal.s                         0x00000000   Number         0  defsig.o ABSOLUTE
    ../clib/stdlib.c                         0x00000000   Number         0  exit.o ABSOLUTE
    ../fplib/fpinit.s                        0x00000000   Number         0  fpinit.o ABSOLUTE
    ..\Lib\cmsis\core_cm3.c                  0x00000000   Number         0  core_cm3.o ABSOLUTE
    ..\Lib\src\misc.c                        0x00000000   Number         0  misc.o ABSOLUTE
    ..\Lib\src\stm32f10x_exti.c              0x00000000   Number         0  stm32f10x_exti.o ABSOLUTE
    ..\Lib\src\stm32f10x_gpio.c              0x00000000   Number         0  stm32f10x_gpio.o ABSOLUTE
    ..\Lib\src\stm32f10x_rcc.c               0x00000000   Number         0  stm32f10x_rcc.o ABSOLUTE
    ..\Lib\src\stm32f10x_tim.c               0x00000000   Number         0  stm32f10x_tim.o ABSOLUTE
    ..\Lib\src\stm32f10x_usart.c             0x00000000   Number         0  stm32f10x_usart.o ABSOLUTE
    ..\Lib\startup\arm\startup_stm32f10x_hd.s 0x00000000   Number         0  startup_stm32f10x_hd.o ABSOLUTE
    ..\User\Hal_Driver\GPIO\sa_gpio.c        0x00000000   Number         0  sa_gpio.o ABSOLUTE
    ..\User\Hal_Driver\hal_infrared.c        0x00000000   Number         0  hal_infrared.o ABSOLUTE
    ..\User\Hal_Driver\hal_key.c             0x00000000   Number         0  hal_key.o ABSOLUTE
    ..\User\Hal_Driver\hal_motor.c           0x00000000   Number         0  hal_motor.o ABSOLUTE
    ..\User\Hal_Driver\hal_rgb_led.c         0x00000000   Number         0  hal_rgb_led.o ABSOLUTE
    ..\User\Hal_Driver\hal_temp_hum.c        0x00000000   Number         0  hal_temp_hum.o ABSOLUTE
    ..\User\Hal_Driver\hal_uart.c            0x00000000   Number         0  hal_uart.o ABSOLUTE
    ..\User\Protocol\protocol.c              0x00000000   Number         0  protocol.o ABSOLUTE
    ..\User\delay.c                          0x00000000   Number         0  delay.o ABSOLUTE
    ..\\Lib\\cmsis\\core_cm3.c               0x00000000   Number         0  core_cm3.o ABSOLUTE
    ..\user\main.c                           0x00000000   Number         0  main.o ABSOLUTE
    ..\user\stm32f10x_it.c                   0x00000000   Number         0  stm32f10x_it.o ABSOLUTE
    ..\user\system_stm32f10x.c               0x00000000   Number         0  system_stm32f10x.o ABSOLUTE
    dc.s                                     0x00000000   Number         0  dc.o ABSOLUTE
    RESET                                    0x08000000   Section      304  startup_stm32f10x_hd.o(RESET)
    !!!main                                  0x08000130   Section        8  __main.o(!!!main)
    !!!scatter                               0x08000138   Section       52  __scatter.o(!!!scatter)
    !!handler_copy                           0x0800016c   Section       26  __scatter_copy.o(!!handler_copy)
    !!handler_zi                             0x08000188   Section       28  __scatter_zi.o(!!handler_zi)
    .ARM.Collect$$libinit$$00000000          0x080001a4   Section        2  libinit.o(.ARM.Collect$$libinit$$00000000)
    .ARM.Collect$$libinit$$00000002          0x080001a6   Section        0  libinit2.o(.ARM.Collect$$libinit$$00000002)
    .ARM.Collect$$libinit$$00000008          0x080001a6   Section        0  libinit2.o(.ARM.Collect$$libinit$$00000008)
    .ARM.Collect$$libinit$$0000000A          0x080001a6   Section        0  libinit2.o(.ARM.Collect$$libinit$$0000000A)
    .ARM.Collect$$libinit$$0000000C          0x080001a6   Section        0  libinit2.o(.ARM.Collect$$libinit$$0000000C)
    .ARM.Collect$$libinit$$0000000F          0x080001a6   Section        0  libinit2.o(.ARM.Collect$$libinit$$0000000F)
    .ARM.Collect$$libinit$$00000011          0x080001a6   Section        0  libinit2.o(.ARM.Collect$$libinit$$00000011)
    .ARM.Collect$$libinit$$00000013          0x080001a6   Section        0  libinit2.o(.ARM.Collect$$libinit$$00000013)
    .ARM.Collect$$libinit$$00000015          0x080001a6   Section        0  libinit2.o(.ARM.Collect$$libinit$$00000015)
    .ARM.Collect$$libinit$$00000017          0x080001a6   Section        0  libinit2.o(.ARM.Collect$$libinit$$00000017)
    .ARM.Collect$$libinit$$00000019          0x080001a6   Section        0  libinit2.o(.ARM.Collect$$libinit$$00000019)
    .ARM.Collect$$libinit$$0000001B          0x080001a6   Section        0  libinit2.o(.ARM.Collect$$libinit$$0000001B)
    .ARM.Collect$$libinit$$0000001D          0x080001a6   Section        0  libinit2.o(.ARM.Collect$$libinit$$0000001D)
    .ARM.Collect$$libinit$$0000001F          0x080001a6   Section        0  libinit2.o(.ARM.Collect$$libinit$$0000001F)
    .ARM.Collect$$libinit$$00000021          0x080001a6   Section        0  libinit2.o(.ARM.Collect$$libinit$$00000021)
    .ARM.Collect$$libinit$$00000023          0x080001a6   Section        0  libinit2.o(.ARM.Collect$$libinit$$00000023)
    .ARM.Collect$$libinit$$0000002A          0x080001a6   Section        0  libinit2.o(.ARM.Collect$$libinit$$0000002A)
    .ARM.Collect$$libinit$$0000002C          0x080001a6   Section        0  libinit2.o(.ARM.Collect$$libinit$$0000002C)
    .ARM.Collect$$libinit$$0000002E          0x080001a6   Section        0  libinit2.o(.ARM.Collect$$libinit$$0000002E)
    .ARM.Collect$$libinit$$00000030          0x080001a6   Section        0  libinit2.o(.ARM.Collect$$libinit$$00000030)
    .ARM.Collect$$libinit$$00000031          0x080001a6   Section        2  libinit2.o(.ARM.Collect$$libinit$$00000031)
    .ARM.Collect$$libshutdown$$00000000      0x080001a8   Section        2  libshutdown.o(.ARM.Collect$$libshutdown$$00000000)
    .ARM.Collect$$libshutdown$$00000003      0x080001aa   Section        0  libshutdown2.o(.ARM.Collect$$libshutdown$$00000003)
    .ARM.Collect$$libshutdown$$00000006      0x080001aa   Section        0  libshutdown2.o(.ARM.Collect$$libshutdown$$00000006)
    .ARM.Collect$$libshutdown$$00000009      0x080001aa   Section        0  libshutdown2.o(.ARM.Collect$$libshutdown$$00000009)
    .ARM.Collect$$libshutdown$$0000000B      0x080001aa   Section        0  libshutdown2.o(.ARM.Collect$$libshutdown$$0000000B)
    .ARM.Collect$$libshutdown$$0000000E      0x080001aa   Section        0  libshutdown2.o(.ARM.Collect$$libshutdown$$0000000E)
    .ARM.Collect$$libshutdown$$0000000F      0x080001aa   Section        2  libshutdown2.o(.ARM.Collect$$libshutdown$$0000000F)
    .ARM.Collect$$rtentry$$00000000          0x080001ac   Section        0  rtentry.o(.ARM.Collect$$rtentry$$00000000)
    .ARM.Collect$$rtentry$$00000002          0x080001ac   Section        0  rtentry2.o(.ARM.Collect$$rtentry$$00000002)
    .ARM.Collect$$rtentry$$00000004          0x080001ac   Section        6  rtentry4.o(.ARM.Collect$$rtentry$$00000004)
    .ARM.Collect$$rtentry$$00000009          0x080001b2   Section        0  rtentry2.o(.ARM.Collect$$rtentry$$00000009)
    .ARM.Collect$$rtentry$$0000000A          0x080001b2   Section        4  rtentry2.o(.ARM.Collect$$rtentry$$0000000A)
    .ARM.Collect$$rtentry$$0000000C          0x080001b6   Section        0  rtentry2.o(.ARM.Collect$$rtentry$$0000000C)
    .ARM.Collect$$rtentry$$0000000D          0x080001b6   Section        8  rtentry2.o(.ARM.Collect$$rtentry$$0000000D)
    .ARM.Collect$$rtexit$$00000000           0x080001be   Section        2  rtexit.o(.ARM.Collect$$rtexit$$00000000)
    .ARM.Collect$$rtexit$$00000002           0x080001c0   Section        0  rtexit2.o(.ARM.Collect$$rtexit$$00000002)
    .ARM.Collect$$rtexit$$00000003           0x080001c0   Section        4  rtexit2.o(.ARM.Collect$$rtexit$$00000003)
    .ARM.Collect$$rtexit$$00000004           0x080001c4   Section        6  rtexit2.o(.ARM.Collect$$rtexit$$00000004)
    .text                                    0x080001cc   Section       64  startup_stm32f10x_hd.o(.text)
    .text                                    0x0800020c   Section        0  stm32f10x_gpio.o(.text)
    .text                                    0x08000564   Section        0  stm32f10x_rcc.o(.text)
    .text                                    0x08000908   Section        0  stm32f10x_usart.o(.text)
    .text                                    0x08000d10   Section        0  misc.o(.text)
    .text                                    0x08000dec   Section        0  stm32f10x_tim.o(.text)
    TI4_Config                               0x08001293   Thumb Code   130  stm32f10x_tim.o(.text)
    TI3_Config                               0x08001327   Thumb Code   122  stm32f10x_tim.o(.text)
    TI2_Config                               0x080013bb   Thumb Code   130  stm32f10x_tim.o(.text)
    TI1_Config                               0x0800144f   Thumb Code   108  stm32f10x_tim.o(.text)
    .text                                    0x08001c08   Section        0  stm32f10x_exti.o(.text)
    .text                                    0x08001d24   Section        0  main.o(.text)
    .text                                    0x08001ee8   Section        0  stm32f10x_it.o(.text)
    .text                                    0x0800216c   Section        0  system_stm32f10x.o(.text)
    SetSysClockTo72                          0x0800216d   Thumb Code   212  system_stm32f10x.o(.text)
    SetSysClock                              0x08002241   Thumb Code     8  system_stm32f10x.o(.text)
    .text                                    0x08002348   Section        0  hal_key.o(.text)
    .text                                    0x0800263c   Section        0  hal_motor.o(.text)
    .text                                    0x08002890   Section        0  hal_rgb_led.o(.text)
    .text                                    0x080029c8   Section        0  hal_uart.o(.text)
    .text                                    0x08002ad8   Section        0  delay.o(.text)
    .text                                    0x08002ba8   Section        0  hal_temp_hum.o(.text)
    .text                                    0x08002d44   Section        0  hal_infrared.o(.text)
    .text                                    0x08002dcc   Section        0  sa_gpio.o(.text)
    .text                                    0x08002e78   Section        0  protocol.o(.text)
    .text                                    0x080034ac   Section        2  use_no_semi_2.o(.text)
    .text                                    0x080034ae   Section      138  rt_memcpy_v6.o(.text)
    .text                                    0x08003538   Section       68  rt_memclr.o(.text)
    .text                                    0x0800357c   Section        0  heapauxi.o(.text)
    .text                                    0x08003582   Section        2  use_no_semi.o(.text)
    .text                                    0x08003584   Section      100  rt_memcpy_w.o(.text)
    .text                                    0x080035e8   Section       78  rt_memclr_w.o(.text)
    .text                                    0x08003636   Section       74  sys_stackheap_outer.o(.text)
    .text                                    0x08003680   Section        0  exit.o(.text)
    .text                                    0x0800368c   Section        8  libspace.o(.text)
    .data                                    0x20000000   Section       20  stm32f10x_rcc.o(.data)
    APBAHBPrescTable                         0x20000000   Data          16  stm32f10x_rcc.o(.data)
    ADCPrescTable                            0x20000010   Data           4  stm32f10x_rcc.o(.data)
    .data                                    0x20000014   Section       24  main.o(.data)
    .data                                    0x2000002c   Section        5  stm32f10x_it.o(.data)
    Key_State                                0x2000002c   Data           1  stm32f10x_it.o(.data)
    Key_Prev                                 0x2000002d   Data           1  stm32f10x_it.o(.data)
    Key_Delay                                0x2000002e   Data           2  stm32f10x_it.o(.data)
    Key_Series                               0x20000030   Data           1  stm32f10x_it.o(.data)
    .data                                    0x20000034   Section       20  system_stm32f10x.o(.data)
    .data                                    0x20000048   Section        2  hal_key.o(.data)
    .data                                    0x2000004a   Section        4  delay.o(.data)
    fac_us                                   0x2000004a   Data           1  delay.o(.data)
    fac_ms                                   0x2000004c   Data           2  delay.o(.data)
    .bss                                     0x20000050   Section      430  main.o(.bss)
    .bss                                     0x20000200   Section       96  libspace.o(.bss)
    HEAP                                     0x20000260   Section      512  startup_stm32f10x_hd.o(HEAP)
    Heap_Mem                                 0x20000260   Data         512  startup_stm32f10x_hd.o(HEAP)
    STACK                                    0x20000460   Section     1024  startup_stm32f10x_hd.o(STACK)
    Stack_Mem                                0x20000460   Data        1024  startup_stm32f10x_hd.o(STACK)
    __initial_sp                             0x20000860   Data           0  startup_stm32f10x_hd.o(STACK)

    Global Symbols

    Symbol Name                              Value     Ov Type        Size  Object(Section)

    BuildAttributes$$THM_ISAv4$P$D$K$B$S$PE$A:L22UL41UL21$X:L11$S22US41US21$IEEE1$IW$USESV6$~STKCKD$USESV7$~SHL$OSPACE$ROPI$EBA8$UX$STANDARDLIB$REQ8$PRES8$EABIv2 0x00000000   Number         0  anon$$obj.o ABSOLUTE
    __ARM_use_no_argv                        0x00000000   Number         0  main.o ABSOLUTE
    __ARM_exceptions_init                     - Undefined Weak Reference
    __alloca_initialize                       - Undefined Weak Reference
    __cpp_initialize__aeabi_                  - Undefined Weak Reference
    __cxa_finalize                            - Undefined Weak Reference
    __rt_locale                               - Undefined Weak Reference
    __sigvec_lookup                           - Undefined Weak Reference
    _atexit_init                              - Undefined Weak Reference
    _call_atexit_fns                          - Undefined Weak Reference
    _clock_init                               - Undefined Weak Reference
    _fp_trap_init                             - Undefined Weak Reference
    _fp_trap_shutdown                         - Undefined Weak Reference
    _get_lc_collate                           - Undefined Weak Reference
    _get_lc_ctype                             - Undefined Weak Reference
    _get_lc_monetary                          - Undefined Weak Reference
    _get_lc_numeric                           - Undefined Weak Reference
    _get_lc_time                              - Undefined Weak Reference
    _getenv_init                              - Undefined Weak Reference
    _handle_redirection                       - Undefined Weak Reference
    _init_alloc                               - Undefined Weak Reference
    _init_user_alloc                          - Undefined Weak Reference
    _initio                                   - Undefined Weak Reference
    _rand_init                                - Undefined Weak Reference
    _signal_finish                            - Undefined Weak Reference
    _signal_init                              - Undefined Weak Reference
    _terminate_alloc                          - Undefined Weak Reference
    _terminate_user_alloc                     - Undefined Weak Reference
    _terminateio                              - Undefined Weak Reference
    __Vectors_Size                           0x00000130   Number         0  startup_stm32f10x_hd.o ABSOLUTE
    __Vectors                                0x08000000   Data           4  startup_stm32f10x_hd.o(RESET)
    __Vectors_End                            0x08000130   Data           0  startup_stm32f10x_hd.o(RESET)
    __main                                   0x08000131   Thumb Code     8  __main.o(!!!main)
    __scatterload                            0x08000139   Thumb Code     0  __scatter.o(!!!scatter)
    __scatterload_rt2                        0x08000139   Thumb Code    44  __scatter.o(!!!scatter)
    __scatterload_rt2_thumb_only             0x08000139   Thumb Code     0  __scatter.o(!!!scatter)
    __scatterload_null                       0x08000147   Thumb Code     0  __scatter.o(!!!scatter)
    __scatterload_copy                       0x0800016d   Thumb Code    26  __scatter_copy.o(!!handler_copy)
    __scatterload_zeroinit                   0x08000189   Thumb Code    28  __scatter_zi.o(!!handler_zi)
    __rt_lib_init                            0x080001a5   Thumb Code     0  libinit.o(.ARM.Collect$$libinit$$00000000)
    __rt_lib_init_alloca_1                   0x080001a7   Thumb Code     0  libinit2.o(.ARM.Collect$$libinit$$0000002C)
    __rt_lib_init_argv_1                     0x080001a7   Thumb Code     0  libinit2.o(.ARM.Collect$$libinit$$0000002A)
    __rt_lib_init_atexit_1                   0x080001a7   Thumb Code     0  libinit2.o(.ARM.Collect$$libinit$$00000019)
    __rt_lib_init_clock_1                    0x080001a7   Thumb Code     0  libinit2.o(.ARM.Collect$$libinit$$0000001F)
    __rt_lib_init_cpp_1                      0x080001a7   Thumb Code     0  libinit2.o(.ARM.Collect$$libinit$$00000030)
    __rt_lib_init_exceptions_1               0x080001a7   Thumb Code     0  libinit2.o(.ARM.Collect$$libinit$$0000002E)
    __rt_lib_init_fp_1                       0x080001a7   Thumb Code     0  libinit2.o(.ARM.Collect$$libinit$$00000002)
    __rt_lib_init_fp_trap_1                  0x080001a7   Thumb Code     0  libinit2.o(.ARM.Collect$$libinit$$0000001D)
    __rt_lib_init_getenv_1                   0x080001a7   Thumb Code     0  libinit2.o(.ARM.Collect$$libinit$$00000021)
    __rt_lib_init_heap_1                     0x080001a7   Thumb Code     0  libinit2.o(.ARM.Collect$$libinit$$00000008)
    __rt_lib_init_lc_collate_1               0x080001a7   Thumb Code     0  libinit2.o(.ARM.Collect$$libinit$$0000000F)
    __rt_lib_init_lc_ctype_1                 0x080001a7   Thumb Code     0  libinit2.o(.ARM.Collect$$libinit$$00000011)
    __rt_lib_init_lc_monetary_1              0x080001a7   Thumb Code     0  libinit2.o(.ARM.Collect$$libinit$$00000013)
    __rt_lib_init_lc_numeric_1               0x080001a7   Thumb Code     0  libinit2.o(.ARM.Collect$$libinit$$00000015)
    __rt_lib_init_lc_time_1                  0x080001a7   Thumb Code     0  libinit2.o(.ARM.Collect$$libinit$$00000017)
    __rt_lib_init_rand_1                     0x080001a7   Thumb Code     0  libinit2.o(.ARM.Collect$$libinit$$0000000C)
    __rt_lib_init_return                     0x080001a7   Thumb Code     0  libinit2.o(.ARM.Collect$$libinit$$00000031)
    __rt_lib_init_signal_1                   0x080001a7   Thumb Code     0  libinit2.o(.ARM.Collect$$libinit$$0000001B)
    __rt_lib_init_stdio_1                    0x080001a7   Thumb Code     0  libinit2.o(.ARM.Collect$$libinit$$00000023)
    __rt_lib_init_user_alloc_1               0x080001a7   Thumb Code     0  libinit2.o(.ARM.Collect$$libinit$$0000000A)
    __rt_lib_shutdown                        0x080001a9   Thumb Code     0  libshutdown.o(.ARM.Collect$$libshutdown$$00000000)
    __rt_lib_shutdown_fp_trap_1              0x080001ab   Thumb Code     0  libshutdown2.o(.ARM.Collect$$libshutdown$$00000006)
    __rt_lib_shutdown_heap_1                 0x080001ab   Thumb Code     0  libshutdown2.o(.ARM.Collect$$libshutdown$$0000000E)
    __rt_lib_shutdown_return                 0x080001ab   Thumb Code     0  libshutdown2.o(.ARM.Collect$$libshutdown$$0000000F)
    __rt_lib_shutdown_signal_1               0x080001ab   Thumb Code     0  libshutdown2.o(.ARM.Collect$$libshutdown$$00000009)
    __rt_lib_shutdown_stdio_1                0x080001ab   Thumb Code     0  libshutdown2.o(.ARM.Collect$$libshutdown$$00000003)
    __rt_lib_shutdown_user_alloc_1           0x080001ab   Thumb Code     0  libshutdown2.o(.ARM.Collect$$libshutdown$$0000000B)
    __rt_entry                               0x080001ad   Thumb Code     0  rtentry.o(.ARM.Collect$$rtentry$$00000000)
    __rt_entry_presh_1                       0x080001ad   Thumb Code     0  rtentry2.o(.ARM.Collect$$rtentry$$00000002)
    __rt_entry_sh                            0x080001ad   Thumb Code     0  rtentry4.o(.ARM.Collect$$rtentry$$00000004)
    __rt_entry_li                            0x080001b3   Thumb Code     0  rtentry2.o(.ARM.Collect$$rtentry$$0000000A)
    __rt_entry_postsh_1                      0x080001b3   Thumb Code     0  rtentry2.o(.ARM.Collect$$rtentry$$00000009)
    __rt_entry_main                          0x080001b7   Thumb Code     0  rtentry2.o(.ARM.Collect$$rtentry$$0000000D)
    __rt_entry_postli_1                      0x080001b7   Thumb Code     0  rtentry2.o(.ARM.Collect$$rtentry$$0000000C)
    __rt_exit                                0x080001bf   Thumb Code     0  rtexit.o(.ARM.Collect$$rtexit$$00000000)
    __rt_exit_ls                             0x080001c1   Thumb Code     0  rtexit2.o(.ARM.Collect$$rtexit$$00000003)
    __rt_exit_prels_1                        0x080001c1   Thumb Code     0  rtexit2.o(.ARM.Collect$$rtexit$$00000002)
    __rt_exit_exit                           0x080001c5   Thumb Code     0  rtexit2.o(.ARM.Collect$$rtexit$$00000004)
    Reset_Handler                            0x080001cd   Thumb Code     8  startup_stm32f10x_hd.o(.text)
    ADC1_2_IRQHandler                        0x080001e7   Thumb Code     0  startup_stm32f10x_hd.o(.text)
    ADC3_IRQHandler                          0x080001e7   Thumb Code     0  startup_stm32f10x_hd.o(.text)
    CAN1_RX1_IRQHandler                      0x080001e7   Thumb Code     0  startup_stm32f10x_hd.o(.text)
    CAN1_SCE_IRQHandler                      0x080001e7   Thumb Code     0  startup_stm32f10x_hd.o(.text)
    DMA1_Channel1_IRQHandler                 0x080001e7   Thumb Code     0  startup_stm32f10x_hd.o(.text)
    DMA1_Channel2_IRQHandler                 0x080001e7   Thumb Code     0  startup_stm32f10x_hd.o(.text)
    DMA1_Channel3_IRQHandler                 0x080001e7   Thumb Code     0  startup_stm32f10x_hd.o(.text)
    DMA1_Channel4_IRQHandler                 0x080001e7   Thumb Code     0  startup_stm32f10x_hd.o(.text)
    DMA1_Channel5_IRQHandler                 0x080001e7   Thumb Code     0  startup_stm32f10x_hd.o(.text)
    DMA1_Channel6_IRQHandler                 0x080001e7   Thumb Code     0  startup_stm32f10x_hd.o(.text)
    DMA1_Channel7_IRQHandler                 0x080001e7   Thumb Code     0  startup_stm32f10x_hd.o(.text)
    DMA2_Channel1_IRQHandler                 0x080001e7   Thumb Code     0  startup_stm32f10x_hd.o(.text)
    DMA2_Channel2_IRQHandler                 0x080001e7   Thumb Code     0  startup_stm32f10x_hd.o(.text)
    DMA2_Channel3_IRQHandler                 0x080001e7   Thumb Code     0  startup_stm32f10x_hd.o(.text)
    DMA2_Channel4_5_IRQHandler               0x080001e7   Thumb Code     0  startup_stm32f10x_hd.o(.text)
    EXTI0_IRQHandler                         0x080001e7   Thumb Code     0  startup_stm32f10x_hd.o(.text)
    EXTI1_IRQHandler                         0x080001e7   Thumb Code     0  startup_stm32f10x_hd.o(.text)
    EXTI2_IRQHandler                         0x080001e7   Thumb Code     0  startup_stm32f10x_hd.o(.text)
    EXTI3_IRQHandler                         0x080001e7   Thumb Code     0  startup_stm32f10x_hd.o(.text)
    EXTI4_IRQHandler                         0x080001e7   Thumb Code     0  startup_stm32f10x_hd.o(.text)
    EXTI9_5_IRQHandler                       0x080001e7   Thumb Code     0  startup_stm32f10x_hd.o(.text)
    FLASH_IRQHandler                         0x080001e7   Thumb Code     0  startup_stm32f10x_hd.o(.text)
    FSMC_IRQHandler                          0x080001e7   Thumb Code     0  startup_stm32f10x_hd.o(.text)
    I2C1_ER_IRQHandler                       0x080001e7   Thumb Code     0  startup_stm32f10x_hd.o(.text)
    I2C1_EV_IRQHandler                       0x080001e7   Thumb Code     0  startup_stm32f10x_hd.o(.text)
    I2C2_ER_IRQHandler                       0x080001e7   Thumb Code     0  startup_stm32f10x_hd.o(.text)
    I2C2_EV_IRQHandler                       0x080001e7   Thumb Code     0  startup_stm32f10x_hd.o(.text)
    PVD_IRQHandler                           0x080001e7   Thumb Code     0  startup_stm32f10x_hd.o(.text)
    RCC_IRQHandler                           0x080001e7   Thumb Code     0  startup_stm32f10x_hd.o(.text)
    RTCAlarm_IRQHandler                      0x080001e7   Thumb Code     0  startup_stm32f10x_hd.o(.text)
    RTC_IRQHandler                           0x080001e7   Thumb Code     0  startup_stm32f10x_hd.o(.text)
    SDIO_IRQHandler                          0x080001e7   Thumb Code     0  startup_stm32f10x_hd.o(.text)
    SPI1_IRQHandler                          0x080001e7   Thumb Code     0  startup_stm32f10x_hd.o(.text)
    SPI2_IRQHandler                          0x080001e7   Thumb Code     0  startup_stm32f10x_hd.o(.text)
    SPI3_IRQHandler                          0x080001e7   Thumb Code     0  startup_stm32f10x_hd.o(.text)
    TAMPER_IRQHandler                        0x080001e7   Thumb Code     0  startup_stm32f10x_hd.o(.text)
    TIM1_BRK_IRQHandler                      0x080001e7   Thumb Code     0  startup_stm32f10x_hd.o(.text)
    TIM1_CC_IRQHandler                       0x080001e7   Thumb Code     0  startup_stm32f10x_hd.o(.text)
    TIM1_TRG_COM_IRQHandler                  0x080001e7   Thumb Code     0  startup_stm32f10x_hd.o(.text)
    TIM1_UP_IRQHandler                       0x080001e7   Thumb Code     0  startup_stm32f10x_hd.o(.text)
    TIM2_IRQHandler                          0x080001e7   Thumb Code     0  startup_stm32f10x_hd.o(.text)
    TIM5_IRQHandler                          0x080001e7   Thumb Code     0  startup_stm32f10x_hd.o(.text)
    TIM6_IRQHandler                          0x080001e7   Thumb Code     0  startup_stm32f10x_hd.o(.text)
    TIM7_IRQHandler                          0x080001e7   Thumb Code     0  startup_stm32f10x_hd.o(.text)
    TIM8_BRK_IRQHandler                      0x080001e7   Thumb Code     0  startup_stm32f10x_hd.o(.text)
    TIM8_CC_IRQHandler                       0x080001e7   Thumb Code     0  startup_stm32f10x_hd.o(.text)
    TIM8_TRG_COM_IRQHandler                  0x080001e7   Thumb Code     0  startup_stm32f10x_hd.o(.text)
    TIM8_UP_IRQHandler                       0x080001e7   Thumb Code     0  startup_stm32f10x_hd.o(.text)
    UART4_IRQHandler                         0x080001e7   Thumb Code     0  startup_stm32f10x_hd.o(.text)
    UART5_IRQHandler                         0x080001e7   Thumb Code     0  startup_stm32f10x_hd.o(.text)
    USART2_IRQHandler                        0x080001e7   Thumb Code     0  startup_stm32f10x_hd.o(.text)
    USART3_IRQHandler                        0x080001e7   Thumb Code     0  startup_stm32f10x_hd.o(.text)
    USBWakeUp_IRQHandler                     0x080001e7   Thumb Code     0  startup_stm32f10x_hd.o(.text)
    USB_HP_CAN1_TX_IRQHandler                0x080001e7   Thumb Code     0  startup_stm32f10x_hd.o(.text)
    USB_LP_CAN1_RX0_IRQHandler               0x080001e7   Thumb Code     0  startup_stm32f10x_hd.o(.text)
    WWDG_IRQHandler                          0x080001e7   Thumb Code     0  startup_stm32f10x_hd.o(.text)
    __user_initial_stackheap                 0x080001e9   Thumb Code     0  startup_stm32f10x_hd.o(.text)
    GPIO_DeInit                              0x0800020d   Thumb Code   172  stm32f10x_gpio.o(.text)
    GPIO_AFIODeInit                          0x080002b9   Thumb Code    20  stm32f10x_gpio.o(.text)
    GPIO_Init                                0x080002cd   Thumb Code   274  stm32f10x_gpio.o(.text)
    GPIO_StructInit                          0x080003df   Thumb Code    16  stm32f10x_gpio.o(.text)
    GPIO_ReadInputDataBit                    0x080003ef   Thumb Code    18  stm32f10x_gpio.o(.text)
    GPIO_ReadInputData                       0x08000401   Thumb Code     8  stm32f10x_gpio.o(.text)
    GPIO_ReadOutputDataBit                   0x08000409   Thumb Code    18  stm32f10x_gpio.o(.text)
    GPIO_ReadOutputData                      0x0800041b   Thumb Code     8  stm32f10x_gpio.o(.text)
    GPIO_SetBits                             0x08000423   Thumb Code     4  stm32f10x_gpio.o(.text)
    GPIO_ResetBits                           0x08000427   Thumb Code     4  stm32f10x_gpio.o(.text)
    GPIO_WriteBit                            0x0800042b   Thumb Code    10  stm32f10x_gpio.o(.text)
    GPIO_Write                               0x08000435   Thumb Code     4  stm32f10x_gpio.o(.text)
    GPIO_PinLockConfig                       0x08000439   Thumb Code    18  stm32f10x_gpio.o(.text)
    GPIO_EventOutputConfig                   0x0800044b   Thumb Code    26  stm32f10x_gpio.o(.text)
    GPIO_EventOutputCmd                      0x08000465   Thumb Code     6  stm32f10x_gpio.o(.text)
    GPIO_PinRemapConfig                      0x0800046b   Thumb Code   138  stm32f10x_gpio.o(.text)
    GPIO_EXTILineConfig                      0x080004f5   Thumb Code    66  stm32f10x_gpio.o(.text)
    GPIO_ETH_MediaInterfaceConfig            0x08000537   Thumb Code     6  stm32f10x_gpio.o(.text)
    RCC_DeInit                               0x08000565   Thumb Code    64  stm32f10x_rcc.o(.text)
    RCC_HSEConfig                            0x080005a5   Thumb Code    70  stm32f10x_rcc.o(.text)
    RCC_GetFlagStatus                        0x080005eb   Thumb Code    56  stm32f10x_rcc.o(.text)
    RCC_WaitForHSEStartUp                    0x08000623   Thumb Code    56  stm32f10x_rcc.o(.text)
    RCC_AdjustHSICalibrationValue            0x0800065b   Thumb Code    20  stm32f10x_rcc.o(.text)
    RCC_HSICmd                               0x0800066f   Thumb Code     6  stm32f10x_rcc.o(.text)
    RCC_PLLConfig                            0x08000675   Thumb Code    24  stm32f10x_rcc.o(.text)
    RCC_PLLCmd                               0x0800068d   Thumb Code     6  stm32f10x_rcc.o(.text)
    RCC_SYSCLKConfig                         0x08000693   Thumb Code    18  stm32f10x_rcc.o(.text)
    RCC_GetSYSCLKSource                      0x080006a5   Thumb Code    10  stm32f10x_rcc.o(.text)
    RCC_HCLKConfig                           0x080006af   Thumb Code    18  stm32f10x_rcc.o(.text)
    RCC_PCLK1Config                          0x080006c1   Thumb Code    18  stm32f10x_rcc.o(.text)
    RCC_PCLK2Config                          0x080006d3   Thumb Code    20  stm32f10x_rcc.o(.text)
    RCC_ITConfig                             0x080006e7   Thumb Code    26  stm32f10x_rcc.o(.text)
    RCC_USBCLKConfig                         0x08000701   Thumb Code     6  stm32f10x_rcc.o(.text)
    RCC_ADCCLKConfig                         0x08000707   Thumb Code    18  stm32f10x_rcc.o(.text)
    RCC_LSEConfig                            0x08000719   Thumb Code    44  stm32f10x_rcc.o(.text)
    RCC_LSICmd                               0x08000745   Thumb Code     6  stm32f10x_rcc.o(.text)
    RCC_RTCCLKConfig                         0x0800074b   Thumb Code    12  stm32f10x_rcc.o(.text)
    RCC_RTCCLKCmd                            0x08000757   Thumb Code     8  stm32f10x_rcc.o(.text)
    RCC_GetClocksFreq                        0x0800075f   Thumb Code   192  stm32f10x_rcc.o(.text)
    RCC_AHBPeriphClockCmd                    0x0800081f   Thumb Code    26  stm32f10x_rcc.o(.text)
    RCC_APB2PeriphClockCmd                   0x08000839   Thumb Code    26  stm32f10x_rcc.o(.text)
    RCC_APB1PeriphClockCmd                   0x08000853   Thumb Code    26  stm32f10x_rcc.o(.text)
    RCC_APB2PeriphResetCmd                   0x0800086d   Thumb Code    26  stm32f10x_rcc.o(.text)
    RCC_APB1PeriphResetCmd                   0x08000887   Thumb Code    26  stm32f10x_rcc.o(.text)
    RCC_BackupResetCmd                       0x080008a1   Thumb Code     8  stm32f10x_rcc.o(.text)
    RCC_ClockSecuritySystemCmd               0x080008a9   Thumb Code     6  stm32f10x_rcc.o(.text)
    RCC_MCOConfig                            0x080008af   Thumb Code     6  stm32f10x_rcc.o(.text)
    RCC_ClearFlag                            0x080008b5   Thumb Code    14  stm32f10x_rcc.o(.text)
    RCC_GetITStatus                          0x080008c3   Thumb Code    20  stm32f10x_rcc.o(.text)
    RCC_ClearITPendingBit                    0x080008d7   Thumb Code     6  stm32f10x_rcc.o(.text)
    USART_DeInit                             0x08000909   Thumb Code   134  stm32f10x_usart.o(.text)
    USART_Init                               0x0800098f   Thumb Code   210  stm32f10x_usart.o(.text)
    USART_StructInit                         0x08000a61   Thumb Code    24  stm32f10x_usart.o(.text)
    USART_ClockInit                          0x08000a79   Thumb Code    34  stm32f10x_usart.o(.text)
    USART_ClockStructInit                    0x08000a9b   Thumb Code    12  stm32f10x_usart.o(.text)
    USART_Cmd                                0x08000aa7   Thumb Code    24  stm32f10x_usart.o(.text)
    USART_ITConfig                           0x08000abf   Thumb Code    74  stm32f10x_usart.o(.text)
    USART_DMACmd                             0x08000b09   Thumb Code    18  stm32f10x_usart.o(.text)
    USART_SetAddress                         0x08000b1b   Thumb Code    18  stm32f10x_usart.o(.text)
    USART_WakeUpConfig                       0x08000b2d   Thumb Code    18  stm32f10x_usart.o(.text)
    USART_ReceiverWakeUpCmd                  0x08000b3f   Thumb Code    24  stm32f10x_usart.o(.text)
    USART_LINBreakDetectLengthConfig         0x08000b57   Thumb Code    18  stm32f10x_usart.o(.text)
    USART_LINCmd                             0x08000b69   Thumb Code    24  stm32f10x_usart.o(.text)
    USART_SendData                           0x08000b81   Thumb Code     8  stm32f10x_usart.o(.text)
    USART_ReceiveData                        0x08000b89   Thumb Code    10  stm32f10x_usart.o(.text)
    USART_SendBreak                          0x08000b93   Thumb Code    10  stm32f10x_usart.o(.text)
    USART_SetGuardTime                       0x08000b9d   Thumb Code    16  stm32f10x_usart.o(.text)
    USART_SetPrescaler                       0x08000bad   Thumb Code    16  stm32f10x_usart.o(.text)
    USART_SmartCardCmd                       0x08000bbd   Thumb Code    24  stm32f10x_usart.o(.text)
    USART_SmartCardNACKCmd                   0x08000bd5   Thumb Code    24  stm32f10x_usart.o(.text)
    USART_HalfDuplexCmd                      0x08000bed   Thumb Code    24  stm32f10x_usart.o(.text)
    USART_OverSampling8Cmd                   0x08000c05   Thumb Code    22  stm32f10x_usart.o(.text)
    USART_OneBitMethodCmd                    0x08000c1b   Thumb Code    24  stm32f10x_usart.o(.text)
    USART_IrDAConfig                         0x08000c33   Thumb Code    18  stm32f10x_usart.o(.text)
    USART_IrDACmd                            0x08000c45   Thumb Code    24  stm32f10x_usart.o(.text)
    USART_GetFlagStatus                      0x08000c5d   Thumb Code    26  stm32f10x_usart.o(.text)
    USART_ClearFlag                          0x08000c77   Thumb Code    18  stm32f10x_usart.o(.text)
    USART_GetITStatus                        0x08000c89   Thumb Code    84  stm32f10x_usart.o(.text)
    USART_ClearITPendingBit                  0x08000cdd   Thumb Code    52  stm32f10x_usart.o(.text)
    NVIC_PriorityGroupConfig                 0x08000d11   Thumb Code    10  misc.o(.text)
    NVIC_Init                                0x08000d1b   Thumb Code   102  misc.o(.text)
    NVIC_SetVectorTable                      0x08000d81   Thumb Code    14  misc.o(.text)
    NVIC_SystemLPConfig                      0x08000d8f   Thumb Code    34  misc.o(.text)
    SysTick_CLKSourceConfig                  0x08000db1   Thumb Code    40  misc.o(.text)
    TIM_DeInit                               0x08000ded   Thumb Code   424  stm32f10x_tim.o(.text)
    TIM_TimeBaseInit                         0x08000f95   Thumb Code   122  stm32f10x_tim.o(.text)
    TIM_OC1Init                              0x0800100f   Thumb Code   132  stm32f10x_tim.o(.text)
    TIM_OC2Init                              0x08001093   Thumb Code   154  stm32f10x_tim.o(.text)
    TIM_OC3Init                              0x0800112d   Thumb Code   150  stm32f10x_tim.o(.text)
    TIM_OC4Init                              0x080011c3   Thumb Code   182  stm32f10x_tim.o(.text)
    TIM_SetIC4Prescaler                      0x08001279   Thumb Code    26  stm32f10x_tim.o(.text)
    TIM_SetIC3Prescaler                      0x08001315   Thumb Code    18  stm32f10x_tim.o(.text)
    TIM_SetIC2Prescaler                      0x080013a1   Thumb Code    26  stm32f10x_tim.o(.text)
    TIM_SetIC1Prescaler                      0x0800143d   Thumb Code    18  stm32f10x_tim.o(.text)
    TIM_ICInit                               0x080014bb   Thumb Code   150  stm32f10x_tim.o(.text)
    TIM_PWMIConfig                           0x08001551   Thumb Code   124  stm32f10x_tim.o(.text)
    TIM_BDTRConfig                           0x080015cd   Thumb Code    32  stm32f10x_tim.o(.text)
    TIM_TimeBaseStructInit                   0x080015ed   Thumb Code    18  stm32f10x_tim.o(.text)
    TIM_OCStructInit                         0x080015ff   Thumb Code    20  stm32f10x_tim.o(.text)
    TIM_ICStructInit                         0x08001613   Thumb Code    18  stm32f10x_tim.o(.text)
    TIM_BDTRStructInit                       0x08001625   Thumb Code    40  stm32f10x_tim.o(.text)
    TIM_Cmd                                  0x0800164d   Thumb Code    24  stm32f10x_tim.o(.text)
    TIM_CtrlPWMOutputs                       0x08001665   Thumb Code    30  stm32f10x_tim.o(.text)
    TIM_ITConfig                             0x08001683   Thumb Code    18  stm32f10x_tim.o(.text)
    TIM_GenerateEvent                        0x08001695   Thumb Code     4  stm32f10x_tim.o(.text)
    TIM_DMAConfig                            0x08001699   Thumb Code    10  stm32f10x_tim.o(.text)
    TIM_DMACmd                               0x080016a3   Thumb Code    18  stm32f10x_tim.o(.text)
    TIM_InternalClockConfig                  0x080016b5   Thumb Code    12  stm32f10x_tim.o(.text)
    TIM_SelectInputTrigger                   0x080016c1   Thumb Code    18  stm32f10x_tim.o(.text)
    TIM_ITRxExternalClockConfig              0x080016d3   Thumb Code    24  stm32f10x_tim.o(.text)
    TIM_TIxExternalClockConfig               0x080016eb   Thumb Code    62  stm32f10x_tim.o(.text)
    TIM_ETRConfig                            0x08001729   Thumb Code    28  stm32f10x_tim.o(.text)
    TIM_ETRClockMode1Config                  0x08001745   Thumb Code    54  stm32f10x_tim.o(.text)
    TIM_ETRClockMode2Config                  0x0800177b   Thumb Code    32  stm32f10x_tim.o(.text)
    TIM_PrescalerConfig                      0x0800179b   Thumb Code     6  stm32f10x_tim.o(.text)
    TIM_CounterModeConfig                    0x080017a1   Thumb Code    18  stm32f10x_tim.o(.text)
    TIM_EncoderInterfaceConfig               0x080017b3   Thumb Code    66  stm32f10x_tim.o(.text)
    TIM_ForcedOC1Config                      0x080017f5   Thumb Code    18  stm32f10x_tim.o(.text)
    TIM_ForcedOC2Config                      0x08001807   Thumb Code    26  stm32f10x_tim.o(.text)
    TIM_ForcedOC3Config                      0x08001821   Thumb Code    18  stm32f10x_tim.o(.text)
    TIM_ForcedOC4Config                      0x08001833   Thumb Code    26  stm32f10x_tim.o(.text)
    TIM_ARRPreloadConfig                     0x0800184d   Thumb Code    24  stm32f10x_tim.o(.text)
    TIM_SelectCOM                            0x08001865   Thumb Code    24  stm32f10x_tim.o(.text)
    TIM_SelectCCDMA                          0x0800187d   Thumb Code    24  stm32f10x_tim.o(.text)
    TIM_CCPreloadControl                     0x08001895   Thumb Code    24  stm32f10x_tim.o(.text)
    TIM_OC1PreloadConfig                     0x080018ad   Thumb Code    18  stm32f10x_tim.o(.text)
    TIM_OC2PreloadConfig                     0x080018bf   Thumb Code    26  stm32f10x_tim.o(.text)
    TIM_OC3PreloadConfig                     0x080018d9   Thumb Code    18  stm32f10x_tim.o(.text)
    TIM_OC4PreloadConfig                     0x080018eb   Thumb Code    26  stm32f10x_tim.o(.text)
    TIM_OC1FastConfig                        0x08001905   Thumb Code    18  stm32f10x_tim.o(.text)
    TIM_OC2FastConfig                        0x08001917   Thumb Code    26  stm32f10x_tim.o(.text)
    TIM_OC3FastConfig                        0x08001931   Thumb Code    18  stm32f10x_tim.o(.text)
    TIM_OC4FastConfig                        0x08001943   Thumb Code    26  stm32f10x_tim.o(.text)
    TIM_ClearOC1Ref                          0x0800195d   Thumb Code    18  stm32f10x_tim.o(.text)
    TIM_ClearOC2Ref                          0x0800196f   Thumb Code    24  stm32f10x_tim.o(.text)
    TIM_ClearOC3Ref                          0x08001987   Thumb Code    18  stm32f10x_tim.o(.text)
    TIM_ClearOC4Ref                          0x08001999   Thumb Code    24  stm32f10x_tim.o(.text)
    TIM_OC1PolarityConfig                    0x080019b1   Thumb Code    18  stm32f10x_tim.o(.text)
    TIM_OC1NPolarityConfig                   0x080019c3   Thumb Code    18  stm32f10x_tim.o(.text)
    TIM_OC2PolarityConfig                    0x080019d5   Thumb Code    26  stm32f10x_tim.o(.text)
    TIM_OC2NPolarityConfig                   0x080019ef   Thumb Code    26  stm32f10x_tim.o(.text)
    TIM_OC3PolarityConfig                    0x08001a09   Thumb Code    26  stm32f10x_tim.o(.text)
    TIM_OC3NPolarityConfig                   0x08001a23   Thumb Code    26  stm32f10x_tim.o(.text)
    TIM_OC4PolarityConfig                    0x08001a3d   Thumb Code    26  stm32f10x_tim.o(.text)
    TIM_CCxCmd                               0x08001a57   Thumb Code    30  stm32f10x_tim.o(.text)
    TIM_CCxNCmd                              0x08001a75   Thumb Code    30  stm32f10x_tim.o(.text)
    TIM_SelectOCxM                           0x08001a93   Thumb Code    82  stm32f10x_tim.o(.text)
    TIM_UpdateDisableConfig                  0x08001ae5   Thumb Code    24  stm32f10x_tim.o(.text)
    TIM_UpdateRequestConfig                  0x08001afd   Thumb Code    24  stm32f10x_tim.o(.text)
    TIM_SelectHallSensor                     0x08001b15   Thumb Code    24  stm32f10x_tim.o(.text)
    TIM_SelectOnePulseMode                   0x08001b2d   Thumb Code    18  stm32f10x_tim.o(.text)
    TIM_SelectOutputTrigger                  0x08001b3f   Thumb Code    18  stm32f10x_tim.o(.text)
    TIM_SelectSlaveMode                      0x08001b51   Thumb Code    18  stm32f10x_tim.o(.text)
    TIM_SelectMasterSlaveMode                0x08001b63   Thumb Code    18  stm32f10x_tim.o(.text)
    TIM_SetCounter                           0x08001b75   Thumb Code     4  stm32f10x_tim.o(.text)
    TIM_SetAutoreload                        0x08001b79   Thumb Code     4  stm32f10x_tim.o(.text)
    TIM_SetCompare1                          0x08001b7d   Thumb Code     4  stm32f10x_tim.o(.text)
    TIM_SetCompare2                          0x08001b81   Thumb Code     4  stm32f10x_tim.o(.text)
    TIM_SetCompare3                          0x08001b85   Thumb Code     4  stm32f10x_tim.o(.text)
    TIM_SetCompare4                          0x08001b89   Thumb Code     6  stm32f10x_tim.o(.text)
    TIM_SetClockDivision                     0x08001b8f   Thumb Code    18  stm32f10x_tim.o(.text)
    TIM_GetCapture1                          0x08001ba1   Thumb Code     6  stm32f10x_tim.o(.text)
    TIM_GetCapture2                          0x08001ba7   Thumb Code     6  stm32f10x_tim.o(.text)
    TIM_GetCapture3                          0x08001bad   Thumb Code     6  stm32f10x_tim.o(.text)
    TIM_GetCapture4                          0x08001bb3   Thumb Code     8  stm32f10x_tim.o(.text)
    TIM_GetCounter                           0x08001bbb   Thumb Code     6  stm32f10x_tim.o(.text)
    TIM_GetPrescaler                         0x08001bc1   Thumb Code     6  stm32f10x_tim.o(.text)
    TIM_GetFlagStatus                        0x08001bc7   Thumb Code    18  stm32f10x_tim.o(.text)
    TIM_ClearFlag                            0x08001bd9   Thumb Code     6  stm32f10x_tim.o(.text)
    TIM_GetITStatus                          0x08001bdf   Thumb Code    34  stm32f10x_tim.o(.text)
    TIM_ClearITPendingBit                    0x08001c01   Thumb Code     6  stm32f10x_tim.o(.text)
    EXTI_DeInit                              0x08001c09   Thumb Code    28  stm32f10x_exti.o(.text)
    EXTI_Init                                0x08001c25   Thumb Code   142  stm32f10x_exti.o(.text)
    EXTI_StructInit                          0x08001cb3   Thumb Code    16  stm32f10x_exti.o(.text)
    EXTI_GenerateSWInterrupt                 0x08001cc3   Thumb Code    16  stm32f10x_exti.o(.text)
    EXTI_GetFlagStatus                       0x08001cd3   Thumb Code    22  stm32f10x_exti.o(.text)
    EXTI_ClearFlag                           0x08001ce9   Thumb Code     8  stm32f10x_exti.o(.text)
    EXTI_GetITStatus                         0x08001cf1   Thumb Code    34  stm32f10x_exti.o(.text)
    EXTI_ClearITPendingBit                   0x08001d13   Thumb Code     8  stm32f10x_exti.o(.text)
    McuStatusInit                            0x08001d25   Thumb Code   274  main.o(.text)
    main                                     0x08001e37   Thumb Code    62  main.o(.text)
    NMI_Handler                              0x08001ee9   Thumb Code     2  stm32f10x_it.o(.text)
    HardFault_Handler                        0x08001eeb   Thumb Code     4  stm32f10x_it.o(.text)
    MemManage_Handler                        0x08001eef   Thumb Code     4  stm32f10x_it.o(.text)
    BusFault_Handler                         0x08001ef3   Thumb Code     4  stm32f10x_it.o(.text)
    UsageFault_Handler                       0x08001ef7   Thumb Code     4  stm32f10x_it.o(.text)
    SVC_Handler                              0x08001efb   Thumb Code     2  stm32f10x_it.o(.text)
    DebugMon_Handler                         0x08001efd   Thumb Code     2  stm32f10x_it.o(.text)
    PendSV_Handler                           0x08001eff   Thumb Code     2  stm32f10x_it.o(.text)
    SysTick_Handler                          0x08001f01   Thumb Code     2  stm32f10x_it.o(.text)
    USART1_IRQHandler                        0x08001f03   Thumb Code   244  stm32f10x_it.o(.text)
    TIM3_IRQHandler                          0x08001ff7   Thumb Code   208  stm32f10x_it.o(.text)
    EXTI15_10_IRQHandler                     0x080020c7   Thumb Code    88  stm32f10x_it.o(.text)
    SystemInit                               0x08002249   Thumb Code    78  system_stm32f10x.o(.text)
    SystemCoreClockUpdate                    0x08002297   Thumb Code   142  system_stm32f10x.o(.text)
    KEY_GPIO_Init                            0x08002349   Thumb Code    88  hal_key.o(.text)
    TIM3_Int_Init                            0x080023a1   Thumb Code    90  hal_key.o(.text)
    Get_Key                                  0x080023fb   Thumb Code    70  hal_key.o(.text)
    KeyHandle                                0x08002441   Thumb Code   474  hal_key.o(.text)
    SA_TIMER_Init                            0x0800263d   Thumb Code    62  hal_motor.o(.text)
    SA_TIMER_PWM_Init                        0x0800267b   Thumb Code   112  hal_motor.o(.text)
    SA_TIMER_PWMOUT_Init                     0x080026eb   Thumb Code   182  hal_motor.o(.text)
    Motor_Init                               0x080027a1   Thumb Code    70  hal_motor.o(.text)
    Motor_Control                            0x080027e7   Thumb Code    34  hal_motor.o(.text)
    Motor_status                             0x08002809   Thumb Code    78  hal_motor.o(.text)
    TIM4_IRQHandler                          0x08002857   Thumb Code    22  hal_motor.o(.text)
    LED_delay                                0x08002891   Thumb Code    24  hal_rgb_led.o(.text)
    ClkProduce                               0x080028a9   Thumb Code    32  hal_rgb_led.o(.text)
    Send32Zero                               0x080028c9   Thumb Code    28  hal_rgb_led.o(.text)
    TakeAntiCode                             0x080028e5   Thumb Code    12  hal_rgb_led.o(.text)
    DatSend                                  0x080028f1   Thumb Code    48  hal_rgb_led.o(.text)
    DataDealWithAndSend                      0x08002921   Thumb Code    66  hal_rgb_led.o(.text)
    RGB_LED_Init                             0x08002963   Thumb Code    62  hal_rgb_led.o(.text)
    LED_RGB_Control                          0x080029a1   Thumb Code    34  hal_rgb_led.o(.text)
    RCC_Configuration                        0x080029c9   Thumb Code    20  hal_uart.o(.text)
    UART_GPIO_Configuration                  0x080029dd   Thumb Code    52  hal_uart.o(.text)
    NVIC_Configuration                       0x08002a11   Thumb Code    50  hal_uart.o(.text)
    UART_Configuration                       0x08002a43   Thumb Code    74  hal_uart.o(.text)
    UART1_Send_DATA                          0x08002a8d   Thumb Code    28  hal_uart.o(.text)
    _sys_exit                                0x08002aa9   Thumb Code     6  hal_uart.o(.text)
    fputc                                    0x08002aaf   Thumb Code    32  hal_uart.o(.text)
    delay_init                               0x08002ad9   Thumb Code    50  delay.o(.text)
    delay_us                                 0x08002b0b   Thumb Code    70  delay.o(.text)
    delay_ms                                 0x08002b51   Thumb Code    70  delay.o(.text)
    DHT11_Rst                                0x08002ba9   Thumb Code    58  hal_temp_hum.o(.text)
    DHT11_Check                              0x08002be3   Thumb Code    96  hal_temp_hum.o(.text)
    DHT11_Read_Bit                           0x08002c43   Thumb Code    70  hal_temp_hum.o(.text)
    DHT11_Read_Byte                          0x08002c89   Thumb Code    30  hal_temp_hum.o(.text)
    DHT11_Read_Data                          0x08002ca7   Thumb Code    88  hal_temp_hum.o(.text)
    DHT11_Init                               0x08002cff   Thumb Code    54  hal_temp_hum.o(.text)
    IR_GPIO_Init                             0x08002d45   Thumb Code    40  hal_infrared.o(.text)
    IR_EXTI_Init                             0x08002d6d   Thumb Code    80  hal_infrared.o(.text)
    IR_Init                                  0x08002dbd   Thumb Code    12  hal_infrared.o(.text)
    SA_GPIO_Init                             0x08002dcd   Thumb Code   142  sa_gpio.o(.text)
    exchangeBytes                            0x08002e79   Thumb Code    22  protocol.o(.text)
    SendToUart                               0x08002e8f   Thumb Code   266  protocol.o(.text)
    CheckSum                                 0x08002f99   Thumb Code    40  protocol.o(.text)
    SendCommonCmd                            0x08002fc1   Thumb Code    62  protocol.o(.text)
    SendErrorCmd                             0x08002fff   Thumb Code    34  protocol.o(.text)
    CmdGetMcuInfo                            0x08003021   Thumb Code    32  protocol.o(.text)
    ReportStatus                             0x08003041   Thumb Code   150  protocol.o(.text)
    CmdSendMcuP0                             0x080030d7   Thumb Code   444  protocol.o(.text)
    CmdReportModuleStatus                    0x08003293   Thumb Code   160  protocol.o(.text)
    MessageHandle                            0x08003333   Thumb Code   202  protocol.o(.text)
    CheckStatus                              0x080033fd   Thumb Code   132  protocol.o(.text)
    __use_no_semihosting                     0x080034ad   Thumb Code     2  use_no_semi_2.o(.text)
    __aeabi_memcpy                           0x080034af   Thumb Code     0  rt_memcpy_v6.o(.text)
    __rt_memcpy                              0x080034af   Thumb Code   138  rt_memcpy_v6.o(.text)
    _memcpy_lastbytes                        0x08003515   Thumb Code     0  rt_memcpy_v6.o(.text)
    __aeabi_memclr                           0x08003539   Thumb Code     0  rt_memclr.o(.text)
    __rt_memclr                              0x08003539   Thumb Code    68  rt_memclr.o(.text)
    _memset                                  0x0800353d   Thumb Code     0  rt_memclr.o(.text)
    __use_two_region_memory                  0x0800357d   Thumb Code     2  heapauxi.o(.text)
    __rt_heap_escrow$2region                 0x0800357f   Thumb Code     2  heapauxi.o(.text)
    __rt_heap_expand$2region                 0x08003581   Thumb Code     2  heapauxi.o(.text)
    __I$use$semihosting                      0x08003583   Thumb Code     0  use_no_semi.o(.text)
    __use_no_semihosting_swi                 0x08003583   Thumb Code     2  use_no_semi.o(.text)
    __aeabi_memcpy4                          0x08003585   Thumb Code     0  rt_memcpy_w.o(.text)
    __aeabi_memcpy8                          0x08003585   Thumb Code     0  rt_memcpy_w.o(.text)
    __rt_memcpy_w                            0x08003585   Thumb Code   100  rt_memcpy_w.o(.text)
    _memcpy_lastbytes_aligned                0x080035cd   Thumb Code     0  rt_memcpy_w.o(.text)
    __aeabi_memclr4                          0x080035e9   Thumb Code     0  rt_memclr_w.o(.text)
    __aeabi_memclr8                          0x080035e9   Thumb Code     0  rt_memclr_w.o(.text)
    __rt_memclr_w                            0x080035e9   Thumb Code    78  rt_memclr_w.o(.text)
    _memset_w                                0x080035ed   Thumb Code     0  rt_memclr_w.o(.text)
    __user_setup_stackheap                   0x08003637   Thumb Code    74  sys_stackheap_outer.o(.text)
    exit                                     0x08003681   Thumb Code    12  exit.o(.text)
    __user_libspace                          0x0800368d   Thumb Code     8  libspace.o(.text)
    __user_perproc_libspace                  0x0800368d   Thumb Code     0  libspace.o(.text)
    __user_perthread_libspace                0x0800368d   Thumb Code     0  libspace.o(.text)
    Region$$Table$$Base                      0x08003694   Number         0  anon$$obj.o(Region$$Table)
    Region$$Table$$Limit                     0x080036b4   Number         0  anon$$obj.o(Region$$Table)
    uart_Count                               0x20000014   Data           2  main.o(.data)
    cmd_flag                                 0x20000016   Data           1  main.o(.data)
    cmd_len                                  0x20000018   Data           2  main.o(.data)
    get_one_package                          0x2000001a   Data           1  main.o(.data)
    wait_ack_time                            0x2000001b   Data           1  main.o(.data)
    check_status_time                        0x2000001c   Data           1  main.o(.data)
    report_status_idle_time                  0x2000001d   Data           1  main.o(.data)
    SN                                       0x20000020   Data           4  main.o(.data)
    cmd_flag1                                0x20000024   Data           1  main.o(.data)
    cmd_flag2                                0x20000025   Data           1  main.o(.data)
    wait_wifi_status                         0x20000028   Data           4  main.o(.data)
    SystemCoreClock                          0x20000034   Data           4  system_stm32f10x.o(.data)
    AHBPrescTable                            0x20000038   Data          16  system_stm32f10x.o(.data)
    Key_Return                               0x20000048   Data           2  hal_key.o(.data)
    uart_buf                                 0x20000050   Data         256  main.o(.bss)
    m_pro_commonCmd                          0x20000150   Data           9  main.o(.bss)
    m_m2w_returnMcuInfo                      0x20000159   Data          75  main.o(.bss)
    m_m2w_setModule                          0x200001a4   Data          10  main.o(.bss)
    m_w2m_controlMcu                         0x200001ae   Data          17  main.o(.bss)
    m_m2w_mcuStatus                          0x200001bf   Data          21  main.o(.bss)
    m_m2w_mcuStatus_reported                 0x200001d4   Data          21  main.o(.bss)
    m_w2m_reportModuleStatus                 0x200001e9   Data          11  main.o(.bss)
    m_pro_errorCmd                           0x200001f4   Data          10  main.o(.bss)
    __libspace_start                         0x20000200   Data          96  libspace.o(.bss)
    __temporary_stack_top$libspace           0x20000260   Data           0  libspace.o(.bss)



==============================================================================

Memory Map of the image

  Image Entry point : 0x08000131

  Load Region LR_IROM1 (Base: 0x08000000, Size: 0x00003704, Max: 0x00010000, ABSOLUTE)

    Execution Region ER_IROM1 (Base: 0x08000000, Size: 0x000036b4, Max: 0x00010000, ABSOLUTE)

    Base Addr    Size         Type   Attr      Idx    E Section Name        Object

    0x08000000   0x00000130   Data   RO            3    RESET               startup_stm32f10x_hd.o
    0x08000130   0x00000008   Code   RO          358  * !!!main             c_w.l(__main.o)
    0x08000138   0x00000034   Code   RO          514    !!!scatter          c_w.l(__scatter.o)
    0x0800016c   0x0000001a   Code   RO          516    !!handler_copy      c_w.l(__scatter_copy.o)
    0x08000186   0x00000002   PAD
    0x08000188   0x0000001c   Code   RO          518    !!handler_zi        c_w.l(__scatter_zi.o)
    0x080001a4   0x00000002   Code   RO          391    .ARM.Collect$$libinit$$00000000  c_w.l(libinit.o)
    0x080001a6   0x00000000   Code   RO          398    .ARM.Collect$$libinit$$00000002  c_w.l(libinit2.o)
    0x080001a6   0x00000000   Code   RO          401    .ARM.Collect$$libinit$$00000008  c_w.l(libinit2.o)
    0x080001a6   0x00000000   Code   RO          403    .ARM.Collect$$libinit$$0000000A  c_w.l(libinit2.o)
    0x080001a6   0x00000000   Code   RO          405    .ARM.Collect$$libinit$$0000000C  c_w.l(libinit2.o)
    0x080001a6   0x00000000   Code   RO          408    .ARM.Collect$$libinit$$0000000F  c_w.l(libinit2.o)
    0x080001a6   0x00000000   Code   RO          410    .ARM.Collect$$libinit$$00000011  c_w.l(libinit2.o)
    0x080001a6   0x00000000   Code   RO          412    .ARM.Collect$$libinit$$00000013  c_w.l(libinit2.o)
    0x080001a6   0x00000000   Code   RO          414    .ARM.Collect$$libinit$$00000015  c_w.l(libinit2.o)
    0x080001a6   0x00000000   Code   RO          416    .ARM.Collect$$libinit$$00000017  c_w.l(libinit2.o)
    0x080001a6   0x00000000   Code   RO          418    .ARM.Collect$$libinit$$00000019  c_w.l(libinit2.o)
    0x080001a6   0x00000000   Code   RO          420    .ARM.Collect$$libinit$$0000001B  c_w.l(libinit2.o)
    0x080001a6   0x00000000   Code   RO          422    .ARM.Collect$$libinit$$0000001D  c_w.l(libinit2.o)
    0x080001a6   0x00000000   Code   RO          424    .ARM.Collect$$libinit$$0000001F  c_w.l(libinit2.o)
    0x080001a6   0x00000000   Code   RO          426    .ARM.Collect$$libinit$$00000021  c_w.l(libinit2.o)
    0x080001a6   0x00000000   Code   RO          428    .ARM.Collect$$libinit$$00000023  c_w.l(libinit2.o)
    0x080001a6   0x00000000   Code   RO          432    .ARM.Collect$$libinit$$0000002A  c_w.l(libinit2.o)
    0x080001a6   0x00000000   Code   RO          434    .ARM.Collect$$libinit$$0000002C  c_w.l(libinit2.o)
    0x080001a6   0x00000000   Code   RO          436    .ARM.Collect$$libinit$$0000002E  c_w.l(libinit2.o)
    0x080001a6   0x00000000   Code   RO          438    .ARM.Collect$$libinit$$00000030  c_w.l(libinit2.o)
    0x080001a6   0x00000002   Code   RO          439    .ARM.Collect$$libinit$$00000031  c_w.l(libinit2.o)
    0x080001a8   0x00000002   Code   RO          457    .ARM.Collect$$libshutdown$$00000000  c_w.l(libshutdown.o)
    0x080001aa   0x00000000   Code   RO          468    .ARM.Collect$$libshutdown$$00000003  c_w.l(libshutdown2.o)
    0x080001aa   0x00000000   Code   RO          471    .ARM.Collect$$libshutdown$$00000006  c_w.l(libshutdown2.o)
    0x080001aa   0x00000000   Code   RO          474    .ARM.Collect$$libshutdown$$00000009  c_w.l(libshutdown2.o)
    0x080001aa   0x00000000   Code   RO          476    .ARM.Collect$$libshutdown$$0000000B  c_w.l(libshutdown2.o)
    0x080001aa   0x00000000   Code   RO          479    .ARM.Collect$$libshutdown$$0000000E  c_w.l(libshutdown2.o)
    0x080001aa   0x00000002   Code   RO          480    .ARM.Collect$$libshutdown$$0000000F  c_w.l(libshutdown2.o)
    0x080001ac   0x00000000   Code   RO          362    .ARM.Collect$$rtentry$$00000000  c_w.l(rtentry.o)
    0x080001ac   0x00000000   Code   RO          368    .ARM.Collect$$rtentry$$00000002  c_w.l(rtentry2.o)
    0x080001ac   0x00000006   Code   RO          380    .ARM.Collect$$rtentry$$00000004  c_w.l(rtentry4.o)
    0x080001b2   0x00000000   Code   RO          370    .ARM.Collect$$rtentry$$00000009  c_w.l(rtentry2.o)
    0x080001b2   0x00000004   Code   RO          371    .ARM.Collect$$rtentry$$0000000A  c_w.l(rtentry2.o)
    0x080001b6   0x00000000   Code   RO          373    .ARM.Collect$$rtentry$$0000000C  c_w.l(rtentry2.o)
    0x080001b6   0x00000008   Code   RO          374    .ARM.Collect$$rtentry$$0000000D  c_w.l(rtentry2.o)
    0x080001be   0x00000002   Code   RO          395    .ARM.Collect$$rtexit$$00000000  c_w.l(rtexit.o)
    0x080001c0   0x00000000   Code   RO          441    .ARM.Collect$$rtexit$$00000002  c_w.l(rtexit2.o)
    0x080001c0   0x00000004   Code   RO          442    .ARM.Collect$$rtexit$$00000003  c_w.l(rtexit2.o)
    0x080001c4   0x00000006   Code   RO          443    .ARM.Collect$$rtexit$$00000004  c_w.l(rtexit2.o)
    0x080001ca   0x00000002   PAD
    0x080001cc   0x00000040   Code   RO            4    .text               startup_stm32f10x_hd.o
    0x0800020c   0x00000358   Code   RO           24    .text               stm32f10x_gpio.o
    0x08000564   0x000003a4   Code   RO           68    .text               stm32f10x_rcc.o
    0x08000908   0x00000408   Code   RO           82    .text               stm32f10x_usart.o
    0x08000d10   0x000000dc   Code   RO           94    .text               misc.o
    0x08000dec   0x00000e1a   Code   RO          106    .text               stm32f10x_tim.o
    0x08001c06   0x00000002   PAD
    0x08001c08   0x0000011c   Code   RO          118    .text               stm32f10x_exti.o
    0x08001d24   0x000001c4   Code   RO          130    .text               main.o
    0x08001ee8   0x00000284   Code   RO          180    .text               stm32f10x_it.o
    0x0800216c   0x000001dc   Code   RO          197    .text               system_stm32f10x.o
    0x08002348   0x000002f4   Code   RO          215    .text               hal_key.o
    0x0800263c   0x00000254   Code   RO          231    .text               hal_motor.o
    0x08002890   0x00000138   Code   RO          246    .text               hal_rgb_led.o
    0x080029c8   0x00000110   Code   RO          259    .text               hal_uart.o
    0x08002ad8   0x000000d0   Code   RO          278    .text               delay.o
    0x08002ba8   0x0000019c   Code   RO          295    .text               hal_temp_hum.o
    0x08002d44   0x00000088   Code   RO          307    .text               hal_infrared.o
    0x08002dcc   0x000000ac   Code   RO          319    .text               sa_gpio.o
    0x08002e78   0x00000634   Code   RO          331    .text               protocol.o
    0x080034ac   0x00000002   Code   RO          350    .text               c_w.l(use_no_semi_2.o)
    0x080034ae   0x0000008a   Code   RO          352    .text               c_w.l(rt_memcpy_v6.o)
    0x08003538   0x00000044   Code   RO          354    .text               c_w.l(rt_memclr.o)
    0x0800357c   0x00000006   Code   RO          356    .text               c_w.l(heapauxi.o)
    0x08003582   0x00000002   Code   RO          360    .text               c_w.l(use_no_semi.o)
    0x08003584   0x00000064   Code   RO          363    .text               c_w.l(rt_memcpy_w.o)
    0x080035e8   0x0000004e   Code   RO          365    .text               c_w.l(rt_memclr_w.o)
    0x08003636   0x0000004a   Code   RO          382    .text               c_w.l(sys_stackheap_outer.o)
    0x08003680   0x0000000c   Code   RO          384    .text               c_w.l(exit.o)
    0x0800368c   0x00000008   Code   RO          392    .text               c_w.l(libspace.o)
    0x08003694   0x00000020   Data   RO          512    Region$$Table       anon$$obj.o


    Execution Region RW_IRAM1 (Base: 0x20000000, Size: 0x00000860, Max: 0x00005000, ABSOLUTE)

    Base Addr    Size         Type   Attr      Idx    E Section Name        Object

    0x20000000   0x00000014   Data   RW           69    .data               stm32f10x_rcc.o
    0x20000014   0x00000018   Data   RW          132    .data               main.o
    0x2000002c   0x00000005   Data   RW          181    .data               stm32f10x_it.o
    0x20000031   0x00000003   PAD
    0x20000034   0x00000014   Data   RW          198    .data               system_stm32f10x.o
    0x20000048   0x00000002   Data   RW          216    .data               hal_key.o
    0x2000004a   0x00000004   Data   RW          279    .data               delay.o
    0x2000004e   0x00000002   PAD
    0x20000050   0x000001ae   Zero   RW          131    .bss                main.o
    0x200001fe   0x00000002   PAD
    0x20000200   0x00000060   Zero   RW          393    .bss                c_w.l(libspace.o)
    0x20000260   0x00000200   Zero   RW            2    HEAP                startup_stm32f10x_hd.o
    0x20000460   0x00000400   Zero   RW            1    STACK               startup_stm32f10x_hd.o


==============================================================================

Image component sizes


      Code (inc. data)   RO Data    RW Data    ZI Data      Debug   Object Name

         0          0          0          0          0       4212   core_cm3.o
       208         18          0          4          0        919   delay.o
       136          4          0          0          0        804   hal_infrared.o
       756         34          0          2          0       1561   hal_key.o
       596         36          0          0          0       2393   hal_motor.o
       312          6          0          0          0       1948   hal_rgb_led.o
       412         16          0          0          0       2130   hal_temp_hum.o
       272         10          0          0          0       3073   hal_uart.o
       452        116          0         24        430       4794   main.o
       220         20          0          0          0       1669   misc.o
      1588         92          0          0          0      19718   protocol.o
       172         30          0          0          0       1003   sa_gpio.o
        64         26        304          0       1536        812   startup_stm32f10x_hd.o
       284         10          0          0          0       2099   stm32f10x_exti.o
       856         40          0          0          0     254225   stm32f10x_gpio.o
       644         78          0          5          0       2097   stm32f10x_it.o
       932         44          0         20          0       8636   stm32f10x_rcc.o
      3610         88          0          0          0      21996   stm32f10x_tim.o
      1032         22          0          0          0       8240   stm32f10x_usart.o
       476         36          0         20          0       1687   system_stm32f10x.o

    ----------------------------------------------------------------------
     13024        726        336         80       1968     344016   Object Totals
         0          0         32          0          0          0   (incl. Generated)
         2          0          0          5          2          0   (incl. Padding)

    ----------------------------------------------------------------------

      Code (inc. data)   RO Data    RW Data    ZI Data      Debug   Library Member Name

         8          0          0          0          0         68   __main.o
        52          8          0          0          0          0   __scatter.o
        26          0          0          0          0          0   __scatter_copy.o
        28          0          0          0          0          0   __scatter_zi.o
        12          0          0          0          0         72   exit.o
         6          0          0          0          0        152   heapauxi.o
         2          0          0          0          0          0   libinit.o
         2          0          0          0          0          0   libinit2.o
         2          0          0          0          0          0   libshutdown.o
         2          0          0          0          0          0   libshutdown2.o
         8          4          0          0         96         68   libspace.o
        68          0          0          0          0         68   rt_memclr.o
        78          0          0          0          0         80   rt_memclr_w.o
       138          0          0          0          0         68   rt_memcpy_v6.o
       100          0          0          0          0         80   rt_memcpy_w.o
         0          0          0          0          0          0   rtentry.o
        12          0          0          0          0          0   rtentry2.o
         6          0          0          0          0          0   rtentry4.o
         2          0          0          0          0          0   rtexit.o
        10          0          0          0          0          0   rtexit2.o
        74          0          0          0          0         80   sys_stackheap_outer.o
         2          0          0          0          0         68   use_no_semi.o
         2          0          0          0          0         68   use_no_semi_2.o

    ----------------------------------------------------------------------
       644         12          0          0         96        872   Library Totals
         4          0          0          0          0          0   (incl. Padding)

    ----------------------------------------------------------------------

      Code (inc. data)   RO Data    RW Data    ZI Data      Debug   Library Name

       640         12          0          0         96        872   c_w.l

    ----------------------------------------------------------------------
       644         12          0          0         96        872   Library Totals

    ----------------------------------------------------------------------

==============================================================================


      Code (inc. data)   RO Data    RW Data    ZI Data      Debug   

     13668        738        336         80       2064     342860   Grand Totals
     13668        738        336         80       2064     342860   ELF Image Totals
     13668        738        336         80          0          0   ROM Totals

==============================================================================

    Total RO  Size (Code + RO Data)                14004 (  13.68kB)
    Total RW  Size (RW Data + ZI Data)              2144 (   2.09kB)
    Total ROM Size (Code + RO Data + RW Data)      14084 (  13.75kB)

==============================================================================

